Archive member included to satisfy reference by file (symbol)

C:/ST/STM32CubeIDE_1.17.0/STM32CubeIDE/plugins/com.st.stm32cube.ide.mcu.externaltools.gnu-tools-for-stm32.13.3.rel1.win32_1.0.0.202411081344/tools/bin/../lib/gcc/arm-none-eabi/13.3.1/../../../../arm-none-eabi/lib/thumb/v7e-m+fp/hard\libc_nano.a(libc_a-exit.o)
                              C:/ST/STM32CubeIDE_1.17.0/STM32CubeIDE/plugins/com.st.stm32cube.ide.mcu.externaltools.gnu-tools-for-stm32.13.3.rel1.win32_1.0.0.202411081344/tools/bin/../lib/gcc/arm-none-eabi/13.3.1/../../../../arm-none-eabi/lib/thumb/v7e-m+fp/hard/crt0.o (exit)
C:/ST/STM32CubeIDE_1.17.0/STM32CubeIDE/plugins/com.st.stm32cube.ide.mcu.externaltools.gnu-tools-for-stm32.13.3.rel1.win32_1.0.0.202411081344/tools/bin/../lib/gcc/arm-none-eabi/13.3.1/../../../../arm-none-eabi/lib/thumb/v7e-m+fp/hard\libc_nano.a(libc_a-findfp.o)
                              C:/ST/STM32CubeIDE_1.17.0/STM32CubeIDE/plugins/com.st.stm32cube.ide.mcu.externaltools.gnu-tools-for-stm32.13.3.rel1.win32_1.0.0.202411081344/tools/bin/../lib/gcc/arm-none-eabi/13.3.1/../../../../arm-none-eabi/lib/thumb/v7e-m+fp/hard\libc_nano.a(libc_a-exit.o) (__stdio_exit_handler)
C:/ST/STM32CubeIDE_1.17.0/STM32CubeIDE/plugins/com.st.stm32cube.ide.mcu.externaltools.gnu-tools-for-stm32.13.3.rel1.win32_1.0.0.202411081344/tools/bin/../lib/gcc/arm-none-eabi/13.3.1/../../../../arm-none-eabi/lib/thumb/v7e-m+fp/hard\libc_nano.a(libc_a-fwalk.o)
                              C:/ST/STM32CubeIDE_1.17.0/STM32CubeIDE/plugins/com.st.stm32cube.ide.mcu.externaltools.gnu-tools-for-stm32.13.3.rel1.win32_1.0.0.202411081344/tools/bin/../lib/gcc/arm-none-eabi/13.3.1/../../../../arm-none-eabi/lib/thumb/v7e-m+fp/hard\libc_nano.a(libc_a-findfp.o) (_fwalk_sglue)
C:/ST/STM32CubeIDE_1.17.0/STM32CubeIDE/plugins/com.st.stm32cube.ide.mcu.externaltools.gnu-tools-for-stm32.13.3.rel1.win32_1.0.0.202411081344/tools/bin/../lib/gcc/arm-none-eabi/13.3.1/../../../../arm-none-eabi/lib/thumb/v7e-m+fp/hard\libc_nano.a(libc_a-sprintf.o)
                              ./Core/Src/screens.o (sprintf)
C:/ST/STM32CubeIDE_1.17.0/STM32CubeIDE/plugins/com.st.stm32cube.ide.mcu.externaltools.gnu-tools-for-stm32.13.3.rel1.win32_1.0.0.202411081344/tools/bin/../lib/gcc/arm-none-eabi/13.3.1/../../../../arm-none-eabi/lib/thumb/v7e-m+fp/hard\libc_nano.a(libc_a-stdio.o)
                              C:/ST/STM32CubeIDE_1.17.0/STM32CubeIDE/plugins/com.st.stm32cube.ide.mcu.externaltools.gnu-tools-for-stm32.13.3.rel1.win32_1.0.0.202411081344/tools/bin/../lib/gcc/arm-none-eabi/13.3.1/../../../../arm-none-eabi/lib/thumb/v7e-m+fp/hard\libc_nano.a(libc_a-findfp.o) (__sread)
C:/ST/STM32CubeIDE_1.17.0/STM32CubeIDE/plugins/com.st.stm32cube.ide.mcu.externaltools.gnu-tools-for-stm32.13.3.rel1.win32_1.0.0.202411081344/tools/bin/../lib/gcc/arm-none-eabi/13.3.1/../../../../arm-none-eabi/lib/thumb/v7e-m+fp/hard\libc_nano.a(libc_a-memset.o)
                              C:/ST/STM32CubeIDE_1.17.0/STM32CubeIDE/plugins/com.st.stm32cube.ide.mcu.externaltools.gnu-tools-for-stm32.13.3.rel1.win32_1.0.0.202411081344/tools/bin/../lib/gcc/arm-none-eabi/13.3.1/../../../../arm-none-eabi/lib/thumb/v7e-m+fp/hard/crt0.o (memset)
C:/ST/STM32CubeIDE_1.17.0/STM32CubeIDE/plugins/com.st.stm32cube.ide.mcu.externaltools.gnu-tools-for-stm32.13.3.rel1.win32_1.0.0.202411081344/tools/bin/../lib/gcc/arm-none-eabi/13.3.1/../../../../arm-none-eabi/lib/thumb/v7e-m+fp/hard\libc_nano.a(libc_a-closer.o)
                              C:/ST/STM32CubeIDE_1.17.0/STM32CubeIDE/plugins/com.st.stm32cube.ide.mcu.externaltools.gnu-tools-for-stm32.13.3.rel1.win32_1.0.0.202411081344/tools/bin/../lib/gcc/arm-none-eabi/13.3.1/../../../../arm-none-eabi/lib/thumb/v7e-m+fp/hard\libc_nano.a(libc_a-stdio.o) (_close_r)
C:/ST/STM32CubeIDE_1.17.0/STM32CubeIDE/plugins/com.st.stm32cube.ide.mcu.externaltools.gnu-tools-for-stm32.13.3.rel1.win32_1.0.0.202411081344/tools/bin/../lib/gcc/arm-none-eabi/13.3.1/../../../../arm-none-eabi/lib/thumb/v7e-m+fp/hard\libc_nano.a(libc_a-reent.o)
                              C:/ST/STM32CubeIDE_1.17.0/STM32CubeIDE/plugins/com.st.stm32cube.ide.mcu.externaltools.gnu-tools-for-stm32.13.3.rel1.win32_1.0.0.202411081344/tools/bin/../lib/gcc/arm-none-eabi/13.3.1/../../../../arm-none-eabi/lib/thumb/v7e-m+fp/hard\libc_nano.a(libc_a-closer.o) (errno)
C:/ST/STM32CubeIDE_1.17.0/STM32CubeIDE/plugins/com.st.stm32cube.ide.mcu.externaltools.gnu-tools-for-stm32.13.3.rel1.win32_1.0.0.202411081344/tools/bin/../lib/gcc/arm-none-eabi/13.3.1/../../../../arm-none-eabi/lib/thumb/v7e-m+fp/hard\libc_nano.a(libc_a-impure.o)
                              C:/ST/STM32CubeIDE_1.17.0/STM32CubeIDE/plugins/com.st.stm32cube.ide.mcu.externaltools.gnu-tools-for-stm32.13.3.rel1.win32_1.0.0.202411081344/tools/bin/../lib/gcc/arm-none-eabi/13.3.1/../../../../arm-none-eabi/lib/thumb/v7e-m+fp/hard\libc_nano.a(libc_a-sprintf.o) (_impure_ptr)
[...]
Memory Configuration

Name             Origin             Length             Attributes
CCMRAM           0x10000000         0x00010000         xrw
RAM              0x20000000         0x00030000         xrw
FLASH            0x08000000         0x00200000         xr
*default*        0x00000000         0xffffffff

Linker script and memory map

LOAD C:/ST/STM32CubeIDE_1.17.0/STM32CubeIDE/plugins/com.st.stm32cube.ide.mcu.externaltools.gnu-tools-for-stm32.13.3.rel1.win32_1.0.0.202411081344/tools/bin/../lib/gcc/arm-none-eabi/13.3.1/thumb/v7e-m+fp/hard/crti.o
LOAD C:/ST/STM32CubeIDE_1.17.0/STM32CubeIDE/plugins/com.st.stm32cube.ide.mcu.externaltools.gnu-tools-for-stm32.13.3.rel1.win32_1.0.0.202411081344/tools/bin/../lib/gcc/arm-none-eabi/13.3.1/thumb/v7e-m+fp/hard/crtbegin.o
LOAD C:/ST/STM32CubeIDE_1.17.0/STM32CubeIDE/plugins/com.st.stm32cube.ide.mcu.externaltools.gnu-tools-for-stm32.13.3.rel1.win32_1.0.0.202411081344/tools/bin/../lib/gcc/arm-none-eabi/13.3.1/../../../../arm-none-eabi/lib/thumb/v7e-m+fp/hard/crt0.o
LOAD ./Core/Src/ApplicationCode.o
LOAD ./Core/Src/Button_Driver.o
LOAD ./Core/Src/LCD_Driver.o
LOAD ./Core/Src/fonts.o
LOAD ./Core/Src/game.o
LOAD ./Core/Src/ili9341.o
LOAD ./Core/Src/main.o
LOAD ./Core/Src/screens.o
LOAD ./Core/Src/stm32f4xx_hal_msp.o
LOAD ./Core/Src/stm32f4xx_it.o
LOAD ./Core/Src/stmpe811.o
LOAD ./Core/Src/syscalls.o
LOAD ./Core/Src/sysmem.o
LOAD ./Core/Src/system_stm32f4xx.o
LOAD ./Core/Startup/startup_stm32f429zitx.o
LOAD ./Drivers/STM32F4xx_HAL_Driver/Src/stm32f4xx_hal.o
LOAD ./Drivers/STM32F4xx_HAL_Driver/Src/stm32f4xx_hal_cortex.o
LOAD ./Drivers/STM32F4xx_HAL_Driver/Src/stm32f4xx_hal_dma.o
LOAD ./Drivers/STM32F4xx_HAL_Driver/Src/stm32f4xx_hal_dma_ex.o
LOAD ./Drivers/STM32F4xx_HAL_Driver/Src/stm32f4xx_hal_dsi.o
LOAD ./Drivers/STM32F4xx_HAL_Driver/Src/stm32f4xx_hal_exti.o
LOAD ./Drivers/STM32F4xx_HAL_Driver/Src/stm32f4xx_hal_flash.o
LOAD ./Drivers/STM32F4xx_HAL_Driver/Src/stm32f4xx_hal_flash_ex.o
LOAD ./Drivers/STM32F4xx_HAL_Driver/Src/stm32f4xx_hal_flash_ramfunc.o
LOAD ./Drivers/STM32F4xx_HAL_Driver/Src/stm32f4xx_hal_gpio.o
LOAD ./Drivers/STM32F4xx_HAL_Driver/Src/stm32f4xx_hal_i2c.o
LOAD ./Drivers/STM32F4xx_HAL_Driver/Src/stm32f4xx_hal_i2c_ex.o
LOAD ./Drivers/STM32F4xx_HAL_Driver/Src/stm32f4xx_hal_ltdc.o
LOAD ./Drivers/STM32F4xx_HAL_Driver/Src/stm32f4xx_hal_ltdc_ex.o
LOAD ./Drivers/STM32F4xx_HAL_Driver/Src/stm32f4xx_hal_pwr.o
LOAD ./Drivers/STM32F4xx_HAL_Driver/Src/stm32f4xx_hal_pwr_ex.o
LOAD ./Drivers/STM32F4xx_HAL_Driver/Src/stm32f4xx_hal_rcc.o
LOAD ./Drivers/STM32F4xx_HAL_Driver/Src/stm32f4xx_hal_rcc_ex.o
LOAD ./Drivers/STM32F4xx_HAL_Driver/Src/stm32f4xx_hal_rng.o
LOAD ./Drivers/STM32F4xx_HAL_Driver/Src/stm32f4xx_hal_spi.o
LOAD ./Drivers/STM32F4xx_HAL_Driver/Src/stm32f4xx_hal_tim.o
LOAD ./Drivers/STM32F4xx_HAL_Driver/Src/stm32f4xx_hal_tim_ex.o
START GROUP
LOAD C:/ST/STM32CubeIDE_1.17.0/STM32CubeIDE/plugins/com.st.stm32cube.ide.mcu.externaltools.gnu-tools-for-stm32.13.3.rel1.win32_1.0.0.202411081344/tools/bin/../lib/gcc/arm-none-eabi/13.3.1/../../../../arm-none-eabi/lib/thumb/v7e-m+fp/hard\libc_nano.a
LOAD C:/ST/STM32CubeIDE_1.17.0/STM32CubeIDE/plugins/com.st.stm32cube.ide.mcu.externaltools.gnu-tools-for-stm32.13.3.rel1.win32_1.0.0.202411081344/tools/bin/../lib/gcc/arm-none-eabi/13.3.1/../../../../arm-none-eabi/lib/thumb/v7e-m+fp/hard\libm.a
END GROUP
START GROUP
LOAD C:/ST/STM32CubeIDE_1.17.0/STM32CubeIDE/plugins/com.st.stm32cube.ide.mcu.externaltools.gnu-tools-for-stm32.13.3.rel1.win32_1.0.0.202411081344/tools/bin/../lib/gcc/arm-none-eabi/13.3.1/thumb/v7e-m+fp/hard\libgcc.a
LOAD C:/ST/STM32CubeIDE_1.17.0/STM32CubeIDE/plugins/com.st.stm32cube.ide.mcu.externaltools.gnu-tools-for-stm32.13.3.rel1.win32_1.0.0.202411081344/tools/bin/../lib/gcc/arm-none-eabi/13.3.1/../../../../arm-none-eabi/lib/thumb/v7e-m+fp/hard\libc_nano.a
END GROUP
START GROUP
LOAD C:/ST/STM32CubeIDE_1.17.0/STM32CubeIDE/plugins/com.st.stm32cube.ide.mcu.externaltools.gnu-tools-for-stm32.13.3.rel1.win32_1.0.0.202411081344/tools/bin/../lib/gcc/arm-none-eabi/13.3.1/thumb/v7e-m+fp/hard\libgcc.a
LOAD C:/ST/STM32CubeIDE_1.17.0/STM32CubeIDE/plugins/com.st.stm32cube.ide.mcu.externaltools.gnu-tools-for-stm32.13.3.rel1.win32_1.0.0.202411081344/tools/bin/../lib/gcc/arm-none-eabi/13.3.1/../../../../arm-none-eabi/lib/thumb/v7e-m+fp/hard\libc_nano.a
LOAD C:/ST/STM32CubeIDE_1.17.0/STM32CubeIDE/plugins/com.st.stm32cube.ide.mcu.externaltools.gnu-tools-for-stm32.13.3.rel1.win32_1.0.0.202411081344/tools/bin/../lib/gcc/arm-none-eabi/13.3.1/../../../../arm-none-eabi/lib/thumb/v7e-m+fp/hard\libnosys.a
END GROUP
START GROUP
LOAD C:/ST/STM32CubeIDE_1.17.0/STM32CubeIDE/plugins/com.st.stm32cube.ide.mcu.externaltools.gnu-tools-for-stm32.13.3.rel1.win32_1.0.0.202411081344/tools/bin/../lib/gcc/arm-none-eabi/13.3.1/thumb/v7e-m+fp/hard\libgcc.a
LOAD C:/ST/STM32CubeIDE_1.17.0/STM32CubeIDE/plugins/com.st.stm32cube.ide.mcu.externaltools.gnu-tools-for-stm32.13.3.rel1.win32_1.0.0.202411081344/tools/bin/../lib/gcc/arm-none-eabi/13.3.1/../../../../arm-none-eabi/lib/thumb/v7e-m+fp/hard\libc_nano.a
LOAD C:/ST/STM32CubeIDE_1.17.0/STM32CubeIDE/plugins/com.st.stm32cube.ide.mcu.externaltools.gnu-tools-for-stm32.13.3.rel1.win32_1.0.0.202411081344/tools/bin/../lib/gcc/arm-none-eabi/13.3.1/../../../../arm-none-eabi/lib/thumb/v7e-m+fp/hard\libnosys.a
END GROUP
LOAD C:/ST/STM32CubeIDE_1.17.0/STM32CubeIDE/plugins/com.st.stm32cube.ide.mcu.externaltools.gnu-tools-for-stm32.13.3.rel1.win32_1.0.0.202411081344/tools/bin/../lib/gcc/arm-none-eabi/13.3.1/thumb/v7e-m+fp/hard/crtend.o
LOAD C:/ST/STM32CubeIDE_1.17.0/STM32CubeIDE/plugins/com.st.stm32cube.ide.mcu.externaltools.gnu-tools-for-stm32.13.3.rel1.win32_1.0.0.202411081344/tools/bin/../lib/gcc/arm-none-eabi/13.3.1/thumb/v7e-m+fp/hard/crtn.o
                0x20030000                        _estack = (ORIGIN (RAM) + LENGTH (RAM))
                0x00000200                        _Min_Heap_Size = 0x200
                0x00000400                        _Min_Stack_Size = 0x400

.isr_vector     0x08000000      0x1ac
                0x08000000                        . = ALIGN (0x4)
 *(.isr_vector)
 .isr_vector    0x08000000      0x1ac ./Core/Startup/startup_stm32f429zitx.o
                0x08000000                g_pfnVectors
                0x080001ac                        . = ALIGN (0x4)

.text           0x080001b0     0x7804
                0x080001b0                        . = ALIGN (0x4)
 *(.text)
 .text          0x080001b0       0x40 C:/ST/STM32CubeIDE_1.17.0/STM32CubeIDE/plugins/com.st.stm32cube.ide.mcu.externaltools.gnu-tools-for-stm32.13.3.rel1.win32_1.0.0.202411081344/tools/bin/../lib/gcc/arm-none-eabi/13.3.1/thumb/v7e-m+fp/hard/crtbegin.o
 .text          0x080001f0       0xa0 C:/ST/STM32CubeIDE_1.17.0/STM32CubeIDE/plugins/com.st.stm32cube.ide.mcu.externaltools.gnu-tools-for-stm32.13.3.rel1.win32_1.0.0.202411081344/tools/bin/../lib/gcc/arm-none-eabi/13.3.1/../../../../arm-none-eabi/lib/thumb/v7e-m+fp/hard\libc_nano.a(libc_a-memchr.o)
                0x080001f0                memchr
 .text          0x08000290       0x30 C:/ST/STM32CubeIDE_1.17.0/STM32CubeIDE/plugins/com.st.stm32cube.ide.mcu.externaltools.gnu-tools-for-stm32.13.3.rel1.win32_1.0.0.202411081344/tools/bin/../lib/gcc/arm-none-eabi/13.3.1/thumb/v7e-m+fp/hard\libgcc.a(_aeabi_uldivmod.o)
                0x08000290                __aeabi_uldivmod
 .text          0x080002c0      0x2f8 C:/ST/STM32CubeIDE_1.17.0/STM32CubeIDE/plugins/com.st.stm32cube.ide.mcu.externaltools.gnu-tools-for-stm32.13.3.rel1.win32_1.0.0.202411081344/tools/bin/../lib/gcc/arm-none-eabi/13.3.1/thumb/v7e-m+fp/hard\libgcc.a(_udivmoddi4.o)
                0x080002c0                __udivmoddi4
 .text          0x080005b8        0x4 C:/ST/STM32CubeIDE_1.17.0/STM32CubeIDE/plugins/com.st.stm32cube.ide.mcu.externaltools.gnu-tools-for-stm32.13.3.rel1.win32_1.0.0.202411081344/tools/bin/../lib/gcc/arm-none-eabi/13.3.1/thumb/v7e-m+fp/hard\libgcc.a(_dvmd_tls.o)
                0x080005b8                __aeabi_idiv0
                0x080005b8                __aeabi_ldiv0
 *(.text*)
 .text.ApplicationInit
                0x080005bc       0x58 ./Core/Src/ApplicationCode.o
                0x080005bc                ApplicationInit
 .text.Button_InitInterrupt
                0x08000614       0x78 ./Core/Src/Button_Driver.o
                0x08000614                Button_InitInterrupt
 .text.LCD_GPIO_Init
                0x0800068c      0x190 ./Core/Src/LCD_Driver.o
                0x0800068c                LCD_GPIO_Init
 .text.LTCD_Layer_Init
                0x0800081c       0x80 ./Core/Src/LCD_Driver.o
                0x0800081c                LTCD_Layer_Init
 .text.LTCD__Init
                0x0800089c       0xbc ./Core/Src/LCD_Driver.o
                0x0800089c                LTCD__Init
 .text.LCD_Draw_Pixel
                0x08000958       0x4c ./Core/Src/LCD_Driver.o
                0x08000958                LCD_Draw_Pixel
 .text.LCD_Draw_Pixel_Landscape
                0x080009a4       0x34 ./Core/Src/LCD_Driver.o
                0x080009a4                LCD_Draw_Pixel_Landscape
 .text.LCD_Draw_Circle_Fill
                0x080009d8       0xa6 ./Core/Src/LCD_Driver.o
                0x080009d8                LCD_Draw_Circle_Fill
 *fill*         0x08000a7e        0x2 
 .text.LCD_Clear
                0x08000a80       0x44 ./Core/Src/LCD_Driver.o
                0x08000a80                LCD_Clear
 .text.LCD_SetTextColor
                0x08000ac4       0x20 ./Core/Src/LCD_Driver.o
                0x08000ac4                LCD_SetTextColor
 .text.LCD_SetFont
                0x08000ae4       0x20 ./Core/Src/LCD_Driver.o
                0x08000ae4                LCD_SetFont
 .text.LCD_Draw_Char
                0x08000b04       0xe8 ./Core/Src/LCD_Driver.o
                0x08000b04                LCD_Draw_Char
 .text.LCD_DisplayString
                0x08000bec       0x54 ./Core/Src/LCD_Driver.o
                0x08000bec                LCD_DisplayString
 .text.LCD_DisplayChar
                0x08000c40       0x44 ./Core/Src/LCD_Driver.o
                0x08000c40                LCD_DisplayChar
 .text.LCD_Error_Handler
                0x08000c84        0xc ./Core/Src/LCD_Driver.o
                0x08000c84                LCD_Error_Handler
 .text.InitializeLCDTouch
                0x08000c90       0x16 ./Core/Src/LCD_Driver.o
                0x08000c90                InitializeLCDTouch
 *fill*         0x08000ca6        0x2 
 .text.HAL_GPIO_EXTI_Callback
                0x08000ca8       0x28 ./Core/Src/game.o
                0x08000ca8                HAL_GPIO_EXTI_Callback
 .text.Game_Init
                0x08000cd0        0xc ./Core/Src/game.o
                0x08000cd0                Game_Init
 .text.Restart_Game
                0x08000cdc       0x18 ./Core/Src/game.o
                0x08000cdc                Restart_Game
 .text.Start_Menu
                0x08000cf4       0xa4 ./Core/Src/game.o
                0x08000cf4                Start_Menu
 .text.Start_Game
                0x08000d98      0x194 ./Core/Src/game.o
                0x08000d98                Start_Game
 .text.ColumnHasSpace
                0x08000f2c       0x48 ./Core/Src/game.o
                0x08000f2c                ColumnHasSpace
 .text.Game_PlacingToken
                0x08000f74      0x118 ./Core/Src/game.o
                0x08000f74                Game_PlacingToken
 .text.BoardIsFull
                0x0800108c       0x58 ./Core/Src/game.o
                0x0800108c                BoardIsFull
 .text.Game_CleanBoard
                0x080010e4       0x50 ./Core/Src/game.o
                0x080010e4                Game_CleanBoard
 .text.Game_DropToken
                0x08001134       0x6c ./Core/Src/game.o
                0x08001134                Game_DropToken
 .text.Game_CheckWin
                0x080011a0      0x260 ./Core/Src/game.o
                0x080011a0                Game_CheckWin
 .text.ili9341_Init
                0x08001400      0x294 ./Core/Src/ili9341.o
                0x08001400                ili9341_Init
 .text.ili9341_Write_Reg
                0x08001694       0x1a ./Core/Src/ili9341.o
                0x08001694                ili9341_Write_Reg
 .text.ili9341_Send_Data
                0x080016ae       0x1a ./Core/Src/ili9341.o
                0x080016ae                ili9341_Send_Data
 .text.SPI_Init
                0x080016c8       0x74 ./Core/Src/ili9341.o
 .text.SPI_Write
                0x0800173c       0x3c ./Core/Src/ili9341.o
 .text.SPI_Error
                0x08001778       0x18 ./Core/Src/ili9341.o
 .text.SPI_MspInit
                0x08001790       0x74 ./Core/Src/ili9341.o
 .text.LCD_IO_Init
                0x08001804       0xf0 ./Core/Src/ili9341.o
                0x08001804                LCD_IO_Init
 .text.LCD_IO_WriteData
                0x080018f4       0x44 ./Core/Src/ili9341.o
                0x080018f4                LCD_IO_WriteData
 .text.LCD_IO_WriteReg
                0x08001938       0x44 ./Core/Src/ili9341.o
                0x08001938                LCD_IO_WriteReg
 .text.LCD_Delay
                0x0800197c       0x16 ./Core/Src/ili9341.o
                0x0800197c                LCD_Delay
 .text.main     0x08001992       0x34 ./Core/Src/main.o
                0x08001992                main
 *fill*         0x080019c6        0x2 
 .text.SystemClock_Config
                0x080019c8       0xd4 ./Core/Src/main.o
                0x080019c8                SystemClock_Config
 .text.MX_I2C3_Init
                0x08001a9c       0x80 ./Core/Src/main.o
 .text.MX_LTDC_Init
                0x08001b1c      0x164 ./Core/Src/main.o
 .text.MX_RNG_Init
                0x08001c80       0x28 ./Core/Src/main.o
 .text.MX_SPI5_Init
                0x08001ca8       0x6c ./Core/Src/main.o
 .text.MX_TIM2_Init
                0x08001d14       0x98 ./Core/Src/main.o
 .text.MX_GPIO_Init
                0x08001dac      0x35c ./Core/Src/main.o
 .text.Error_Handler
                0x08002108        0xc ./Core/Src/main.o
                0x08002108                Error_Handler
 .text.StartScreen
                0x08002114      0x114 ./Core/Src/screens.o
                0x08002114                StartScreen
 .text.GameScreen
                0x08002228       0xc0 ./Core/Src/screens.o
                0x08002228                GameScreen
 .text.DrawCircleAtCell
                0x080022e8       0x46 ./Core/Src/screens.o
                0x080022e8                DrawCircleAtCell
 .text.DrawToken
                0x0800232e       0x42 ./Core/Src/screens.o
                0x0800232e                DrawToken
 .text.DrawCursor
                0x08002370       0x42 ./Core/Src/screens.o
                0x08002370                DrawCursor
 .text.EraseCursor
                0x080023b2       0x20 ./Core/Src/screens.o
                0x080023b2                EraseCursor
 *fill*         0x080023d2        0x2 
 .text.EndScreen
                0x080023d4      0x1bc ./Core/Src/screens.o
                0x080023d4                EndScreen
 .text.Debug_Mode
                0x08002590      0x1b8 ./Core/Src/screens.o
                0x08002590                Debug_Mode
 .text.DrawDebugGrid
                0x08002748      0x1bc ./Core/Src/screens.o
                0x08002748                DrawDebugGrid
 .text.DrawDebugBug
                0x08002904      0x1c6 ./Core/Src/screens.o
                0x08002904                DrawDebugBug
 *fill*         0x08002aca        0x2 
 .text.HAL_MspInit
                0x08002acc       0x50 ./Core/Src/stm32f4xx_hal_msp.o
                0x08002acc                HAL_MspInit
 .text.HAL_I2C_MspInit
                0x08002b1c       0xd4 ./Core/Src/stm32f4xx_hal_msp.o
                0x08002b1c                HAL_I2C_MspInit
 .text.HAL_LTDC_MspInit
                0x08002bf0      0x250 ./Core/Src/stm32f4xx_hal_msp.o
                0x08002bf0                HAL_LTDC_MspInit
 .text.HAL_RNG_MspInit
                0x08002e40       0x44 ./Core/Src/stm32f4xx_hal_msp.o
                0x08002e40                HAL_RNG_MspInit
 .text.HAL_SPI_MspInit
                0x08002e84       0x90 ./Core/Src/stm32f4xx_hal_msp.o
                0x08002e84                HAL_SPI_MspInit
 .text.HAL_SPI_MspDeInit
                0x08002f14       0x3c ./Core/Src/stm32f4xx_hal_msp.o
                0x08002f14                HAL_SPI_MspDeInit
 .text.HAL_TIM_Base_MspInit
                0x08002f50       0x40 ./Core/Src/stm32f4xx_hal_msp.o
                0x08002f50                HAL_TIM_Base_MspInit
 .text.EXTI0_IRQHandler
                0x08002f90        0xe ./Core/Src/stm32f4xx_it.o
                0x08002f90                EXTI0_IRQHandler
 .text.NMI_Handler
                0x08002f9e        0x8 ./Core/Src/stm32f4xx_it.o
                0x08002f9e                NMI_Handler
 .text.HardFault_Handler
                0x08002fa6        0x8 ./Core/Src/stm32f4xx_it.o
                0x08002fa6                HardFault_Handler
 .text.MemManage_Handler
                0x08002fae        0x8 ./Core/Src/stm32f4xx_it.o
                0x08002fae                MemManage_Handler
 .text.BusFault_Handler
                0x08002fb6        0x8 ./Core/Src/stm32f4xx_it.o
                0x08002fb6                BusFault_Handler
 .text.UsageFault_Handler
                0x08002fbe        0x8 ./Core/Src/stm32f4xx_it.o
                0x08002fbe                UsageFault_Handler
 .text.SVC_Handler
                0x08002fc6        0xe ./Core/Src/stm32f4xx_it.o
                0x08002fc6                SVC_Handler
 .text.DebugMon_Handler
                0x08002fd4        0xe ./Core/Src/stm32f4xx_it.o
                0x08002fd4                DebugMon_Handler
 .text.PendSV_Handler
                0x08002fe2        0xe ./Core/Src/stm32f4xx_it.o
                0x08002fe2                PendSV_Handler
 .text.SysTick_Handler
                0x08002ff0        0xc ./Core/Src/stm32f4xx_it.o
                0x08002ff0                SysTick_Handler
 .text.STMPE811_Init
                0x08002ffc      0x14e ./Core/Src/stmpe811.o
                0x08002ffc                STMPE811_Init
 .text.STMPE811_Read
                0x0800314a       0x22 ./Core/Src/stmpe811.o
                0x0800314a                STMPE811_Read
 .text.STMPE811_ReadTouch
                0x0800316c      0x198 ./Core/Src/stmpe811.o
                0x0800316c                STMPE811_ReadTouch
 .text.verifyHAL_I2C_IS_OKAY
                0x08003304       0x20 ./Core/Src/stmpe811.o
                0x08003304                verifyHAL_I2C_IS_OKAY
 .text.I2C3_Init
                0x08003324       0x7c ./Core/Src/stmpe811.o
 .text.I2C3_MspInit
                0x080033a0       0xa8 ./Core/Src/stmpe811.o
 .text.I2C3_Write
                0x08003448       0x54 ./Core/Src/stmpe811.o
                0x08003448                I2C3_Write
 .text.I2C3_Read
                0x0800349c       0x4c ./Core/Src/stmpe811.o
                0x0800349c                I2C3_Read
 .text.I2C3_MulitByteRead
                0x080034e8       0x44 ./Core/Src/stmpe811.o
                0x080034e8                I2C3_MulitByteRead
 .text.TM_STMPE811_ReadX
                0x0800352c       0xc0 ./Core/Src/stmpe811.o
                0x0800352c                TM_STMPE811_ReadX
 .text.TM_STMPE811_ReadY
                0x080035ec       0xa4 ./Core/Src/stmpe811.o
                0x080035ec                TM_STMPE811_ReadY
 .text.initialise_monitor_handles
                0x08003690        0xe ./Core/Src/syscalls.o
                0x08003690                initialise_monitor_handles
 *fill*         0x0800369e        0x2 
 .text._sbrk    0x080036a0       0x6c ./Core/Src/sysmem.o
                0x080036a0                _sbrk
 .text.SystemInit
                0x0800370c       0x24 ./Core/Src/system_stm32f4xx.o
                0x0800370c                SystemInit
 .text.Reset_Handler
                0x08003730       0x50 ./Core/Startup/startup_stm32f429zitx.o
                0x08003730                Reset_Handler
 .text.Default_Handler
                0x08003780        0x2 ./Core/Startup/startup_stm32f429zitx.o
                0x08003780                RTC_Alarm_IRQHandler
                0x08003780                HASH_RNG_IRQHandler
                0x08003780                EXTI2_IRQHandler
                0x08003780                TIM8_CC_IRQHandler
                0x08003780                UART8_IRQHandler
                0x08003780                SPI4_IRQHandler
                0x08003780                TIM1_CC_IRQHandler
                0x08003780                DMA2_Stream5_IRQHandler
                0x08003780                DMA1_Stream5_IRQHandler
                0x08003780                PVD_IRQHandler
                0x08003780                SDIO_IRQHandler
                0x08003780                TAMP_STAMP_IRQHandler
                0x08003780                CAN2_RX1_IRQHandler
                0x08003780                EXTI3_IRQHandler
                0x08003780                TIM8_TRG_COM_TIM14_IRQHandler
                0x08003780                TIM1_UP_TIM10_IRQHandler
                0x08003780                TIM8_UP_TIM13_IRQHandler
                0x08003780                I2C3_ER_IRQHandler
                0x08003780                I2C2_EV_IRQHandler
                0x08003780                DMA1_Stream2_IRQHandler
                0x08003780                CAN1_RX0_IRQHandler
                0x08003780                FPU_IRQHandler
                0x08003780                OTG_HS_WKUP_IRQHandler
                0x08003780                LTDC_ER_IRQHandler
                0x08003780                CAN2_SCE_IRQHandler
                0x08003780                DMA2_Stream2_IRQHandler
                0x08003780                SPI1_IRQHandler
                0x08003780                TIM6_DAC_IRQHandler
                0x08003780                TIM1_BRK_TIM9_IRQHandler
                0x08003780                DCMI_IRQHandler
                0x08003780                CAN2_RX0_IRQHandler
                0x08003780                DMA2_Stream3_IRQHandler
                0x08003780                USART6_IRQHandler
                0x08003780                USART3_IRQHandler
                0x08003780                CAN1_RX1_IRQHandler
                0x08003780                UART5_IRQHandler
                0x08003780                DMA2_Stream0_IRQHandler
                0x08003780                TIM4_IRQHandler
                0x08003780                I2C1_EV_IRQHandler
                0x08003780                DMA1_Stream6_IRQHandler
                0x08003780                DMA1_Stream1_IRQHandler
                0x08003780                UART4_IRQHandler
                0x08003780                TIM3_IRQHandler
                0x08003780                RCC_IRQHandler
                0x08003780                TIM8_BRK_TIM12_IRQHandler
                0x08003780                Default_Handler
                0x08003780                EXTI15_10_IRQHandler
                0x08003780                ADC_IRQHandler
                0x08003780                DMA1_Stream7_IRQHandler
                0x08003780                SPI5_IRQHandler
                0x08003780                TIM7_IRQHandler
                0x08003780                CAN2_TX_IRQHandler
                0x08003780                TIM5_IRQHandler
                0x08003780                DMA2_Stream7_IRQHandler
                0x08003780                I2C3_EV_IRQHandler
                0x08003780                EXTI9_5_IRQHandler
                0x08003780                RTC_WKUP_IRQHandler
                0x08003780                LTDC_IRQHandler
                0x08003780                ETH_WKUP_IRQHandler
                0x08003780                SPI2_IRQHandler
                0x08003780                OTG_HS_EP1_IN_IRQHandler
                0x08003780                DMA1_Stream0_IRQHandler
                0x08003780                CAN1_TX_IRQHandler
                0x08003780                EXTI4_IRQHandler
                0x08003780                ETH_IRQHandler
                0x08003780                OTG_HS_EP1_OUT_IRQHandler
                0x08003780                WWDG_IRQHandler
                0x08003780                SPI6_IRQHandler
                0x08003780                TIM2_IRQHandler
                0x08003780                OTG_FS_WKUP_IRQHandler
                0x08003780                TIM1_TRG_COM_TIM11_IRQHandler
                0x08003780                OTG_HS_IRQHandler
                0x08003780                DMA2D_IRQHandler
                0x08003780                EXTI1_IRQHandler
                0x08003780                UART7_IRQHandler
                0x08003780                USART2_IRQHandler
                0x08003780                I2C2_ER_IRQHandler
                0x08003780                DMA2_Stream1_IRQHandler
                0x08003780                CAN1_SCE_IRQHandler
                0x08003780                FLASH_IRQHandler
                0x08003780                DMA2_Stream4_IRQHandler
                0x08003780                USART1_IRQHandler
                0x08003780                OTG_FS_IRQHandler
                0x08003780                SPI3_IRQHandler
                0x08003780                DMA1_Stream4_IRQHandler
                0x08003780                I2C1_ER_IRQHandler
                0x08003780                FMC_IRQHandler
                0x08003780                DMA2_Stream6_IRQHandler
                0x08003780                SAI1_IRQHandler
                0x08003780                DMA1_Stream3_IRQHandler
 *fill*         0x08003782        0x2 
 .text.HAL_Init
                0x08003784       0x44 ./Drivers/STM32F4xx_HAL_Driver/Src/stm32f4xx_hal.o
                0x08003784                HAL_Init
 .text.HAL_InitTick
                0x080037c8       0x60 ./Drivers/STM32F4xx_HAL_Driver/Src/stm32f4xx_hal.o
                0x080037c8                HAL_InitTick
 .text.HAL_IncTick
                0x08003828       0x28 ./Drivers/STM32F4xx_HAL_Driver/Src/stm32f4xx_hal.o
                0x08003828                HAL_IncTick
 .text.HAL_GetTick
                0x08003850       0x18 ./Drivers/STM32F4xx_HAL_Driver/Src/stm32f4xx_hal.o
                0x08003850                HAL_GetTick
 .text.HAL_Delay
                0x08003868       0x48 ./Drivers/STM32F4xx_HAL_Driver/Src/stm32f4xx_hal.o
                0x08003868                HAL_Delay
 .text.__NVIC_SetPriorityGrouping
                0x080038b0       0x48 ./Drivers/STM32F4xx_HAL_Driver/Src/stm32f4xx_hal_cortex.o
 .text.__NVIC_GetPriorityGrouping
                0x080038f8       0x1c ./Drivers/STM32F4xx_HAL_Driver/Src/stm32f4xx_hal_cortex.o
 .text.__NVIC_EnableIRQ
                0x08003914       0x3c ./Drivers/STM32F4xx_HAL_Driver/Src/stm32f4xx_hal_cortex.o
 .text.__NVIC_SetPriority
                0x08003950       0x54 ./Drivers/STM32F4xx_HAL_Driver/Src/stm32f4xx_hal_cortex.o
 .text.NVIC_EncodePriority
                0x080039a4       0x66 ./Drivers/STM32F4xx_HAL_Driver/Src/stm32f4xx_hal_cortex.o
 *fill*         0x08003a0a        0x2 
 .text.SysTick_Config
                0x08003a0c       0x44 ./Drivers/STM32F4xx_HAL_Driver/Src/stm32f4xx_hal_cortex.o
 .text.HAL_NVIC_SetPriorityGrouping
                0x08003a50       0x16 ./Drivers/STM32F4xx_HAL_Driver/Src/stm32f4xx_hal_cortex.o
                0x08003a50                HAL_NVIC_SetPriorityGrouping
 .text.HAL_NVIC_SetPriority
                0x08003a66       0x38 ./Drivers/STM32F4xx_HAL_Driver/Src/stm32f4xx_hal_cortex.o
                0x08003a66                HAL_NVIC_SetPriority
 .text.HAL_NVIC_EnableIRQ
                0x08003a9e       0x1c ./Drivers/STM32F4xx_HAL_Driver/Src/stm32f4xx_hal_cortex.o
                0x08003a9e                HAL_NVIC_EnableIRQ
 .text.HAL_SYSTICK_Config
                0x08003aba       0x18 ./Drivers/STM32F4xx_HAL_Driver/Src/stm32f4xx_hal_cortex.o
                0x08003aba                HAL_SYSTICK_Config
 *fill*         0x08003ad2        0x2 
 .text.HAL_GPIO_Init
                0x08003ad4      0x358 ./Drivers/STM32F4xx_HAL_Driver/Src/stm32f4xx_hal_gpio.o
                0x08003ad4                HAL_GPIO_Init
 .text.HAL_GPIO_DeInit
                0x08003e2c      0x218 ./Drivers/STM32F4xx_HAL_Driver/Src/stm32f4xx_hal_gpio.o
                0x08003e2c                HAL_GPIO_DeInit
 .text.HAL_GPIO_ReadPin
                0x08004044       0x30 ./Drivers/STM32F4xx_HAL_Driver/Src/stm32f4xx_hal_gpio.o
                0x08004044                HAL_GPIO_ReadPin
 .text.HAL_GPIO_WritePin
                0x08004074       0x32 ./Drivers/STM32F4xx_HAL_Driver/Src/stm32f4xx_hal_gpio.o
                0x08004074                HAL_GPIO_WritePin
 *fill*         0x080040a6        0x2 
 .text.HAL_GPIO_EXTI_IRQHandler
                0x080040a8       0x30 ./Drivers/STM32F4xx_HAL_Driver/Src/stm32f4xx_hal_gpio.o
                0x080040a8                HAL_GPIO_EXTI_IRQHandler
 .text.HAL_I2C_Init
                0x080040d8      0x288 ./Drivers/STM32F4xx_HAL_Driver/Src/stm32f4xx_hal_i2c.o
                0x080040d8                HAL_I2C_Init
 .text.HAL_I2C_Mem_Write
                0x08004360      0x1f4 ./Drivers/STM32F4xx_HAL_Driver/Src/stm32f4xx_hal_i2c.o
                0x08004360                HAL_I2C_Mem_Write
 .text.HAL_I2C_Mem_Read
                0x08004554      0x464 ./Drivers/STM32F4xx_HAL_Driver/Src/stm32f4xx_hal_i2c.o
                0x08004554                HAL_I2C_Mem_Read
 .text.I2C_RequestMemoryWrite
                0x080049b8      0x12c ./Drivers/STM32F4xx_HAL_Driver/Src/stm32f4xx_hal_i2c.o
 .text.I2C_RequestMemoryRead
                0x08004ae4      0x1d0 ./Drivers/STM32F4xx_HAL_Driver/Src/stm32f4xx_hal_i2c.o
 .text.I2C_WaitOnFlagUntilTimeout
                0x08004cb4       0xf4 ./Drivers/STM32F4xx_HAL_Driver/Src/stm32f4xx_hal_i2c.o
 .text.I2C_WaitOnMasterAddressFlagUntilTimeout
                0x08004da8      0x140 ./Drivers/STM32F4xx_HAL_Driver/Src/stm32f4xx_hal_i2c.o
 .text.I2C_WaitOnTXEFlagUntilTimeout
                0x08004ee8       0x90 ./Drivers/STM32F4xx_HAL_Driver/Src/stm32f4xx_hal_i2c.o
 .text.I2C_WaitOnBTFFlagUntilTimeout
                0x08004f78       0x90 ./Drivers/STM32F4xx_HAL_Driver/Src/stm32f4xx_hal_i2c.o
 .text.I2C_WaitOnRXNEFlagUntilTimeout
                0x08005008       0xba ./Drivers/STM32F4xx_HAL_Driver/Src/stm32f4xx_hal_i2c.o
 .text.I2C_IsAcknowledgeFailed
                0x080050c2       0x5e ./Drivers/STM32F4xx_HAL_Driver/Src/stm32f4xx_hal_i2c.o
 .text.HAL_I2CEx_ConfigAnalogFilter
                0x08005120       0x78 ./Drivers/STM32F4xx_HAL_Driver/Src/stm32f4xx_hal_i2c_ex.o
                0x08005120                HAL_I2CEx_ConfigAnalogFilter
 .text.HAL_I2CEx_ConfigDigitalFilter
                0x08005198       0x7e ./Drivers/STM32F4xx_HAL_Driver/Src/stm32f4xx_hal_i2c_ex.o
                0x08005198                HAL_I2CEx_ConfigDigitalFilter
 *fill*         0x08005216        0x2 
 .text.HAL_LTDC_Init
                0x08005218      0x1a0 ./Drivers/STM32F4xx_HAL_Driver/Src/stm32f4xx_hal_ltdc.o
                0x08005218                HAL_LTDC_Init
 .text.HAL_LTDC_ConfigLayer
                0x080053b8       0x7c ./Drivers/STM32F4xx_HAL_Driver/Src/stm32f4xx_hal_ltdc.o
                0x080053b8                HAL_LTDC_ConfigLayer
 .text.LTDC_SetConfig
                0x08005434      0x32e ./Drivers/STM32F4xx_HAL_Driver/Src/stm32f4xx_hal_ltdc.o
 *fill*         0x08005762        0x2 
 .text.HAL_RCC_OscConfig
                0x08005764      0x4f0 ./Drivers/STM32F4xx_HAL_Driver/Src/stm32f4xx_hal_rcc.o
                0x08005764                HAL_RCC_OscConfig
 .text.HAL_RCC_ClockConfig
                0x08005c54      0x1cc ./Drivers/STM32F4xx_HAL_Driver/Src/stm32f4xx_hal_rcc.o
                0x08005c54                HAL_RCC_ClockConfig
 .text.HAL_RCC_GetSysClockFreq
                0x08005e20      0x20c ./Drivers/STM32F4xx_HAL_Driver/Src/stm32f4xx_hal_rcc.o
                0x08005e20                HAL_RCC_GetSysClockFreq
 .text.HAL_RCC_GetHCLKFreq
                0x0800602c       0x18 ./Drivers/STM32F4xx_HAL_Driver/Src/stm32f4xx_hal_rcc.o
                0x0800602c                HAL_RCC_GetHCLKFreq
 .text.HAL_RCC_GetPCLK1Freq
                0x08006044       0x28 ./Drivers/STM32F4xx_HAL_Driver/Src/stm32f4xx_hal_rcc.o
                0x08006044                HAL_RCC_GetPCLK1Freq
 .text.HAL_RCCEx_PeriphCLKConfig
                0x0800606c      0x380 ./Drivers/STM32F4xx_HAL_Driver/Src/stm32f4xx_hal_rcc_ex.o
                0x0800606c                HAL_RCCEx_PeriphCLKConfig
 .text.HAL_RNG_Init
                0x080063ec       0x54 ./Drivers/STM32F4xx_HAL_Driver/Src/stm32f4xx_hal_rng.o
                0x080063ec                HAL_RNG_Init
 .text.HAL_RNG_GenerateRandomNumber
                0x08006440       0xac ./Drivers/STM32F4xx_HAL_Driver/Src/stm32f4xx_hal_rng.o
                0x08006440                HAL_RNG_GenerateRandomNumber
 .text.HAL_SPI_Init
                0x080064ec      0x112 ./Drivers/STM32F4xx_HAL_Driver/Src/stm32f4xx_hal_spi.o
                0x080064ec                HAL_SPI_Init
 .text.HAL_SPI_DeInit
                0x080065fe       0x50 ./Drivers/STM32F4xx_HAL_Driver/Src/stm32f4xx_hal_spi.o
                0x080065fe                HAL_SPI_DeInit
 .text.HAL_SPI_Transmit
                0x0800664e      0x288 ./Drivers/STM32F4xx_HAL_Driver/Src/stm32f4xx_hal_spi.o
                0x0800664e                HAL_SPI_Transmit
 .text.HAL_SPI_GetState
                0x080068d6       0x1c ./Drivers/STM32F4xx_HAL_Driver/Src/stm32f4xx_hal_spi.o
                0x080068d6                HAL_SPI_GetState
 *fill*         0x080068f2        0x2 
 .text.SPI_WaitFlagStateUntilTimeout
                0x080068f4      0x110 ./Drivers/STM32F4xx_HAL_Driver/Src/stm32f4xx_hal_spi.o
 .text.SPI_EndRxTxTransaction
                0x08006a04       0xa8 ./Drivers/STM32F4xx_HAL_Driver/Src/stm32f4xx_hal_spi.o
 .text.HAL_TIM_Base_Init
                0x08006aac       0x9e ./Drivers/STM32F4xx_HAL_Driver/Src/stm32f4xx_hal_tim.o
                0x08006aac                HAL_TIM_Base_Init
 .text.HAL_TIM_ConfigClockSource
                0x08006b4a      0x18e ./Drivers/STM32F4xx_HAL_Driver/Src/stm32f4xx_hal_tim.o
                0x08006b4a                HAL_TIM_ConfigClockSource
 .text.TIM_Base_SetConfig
                0x08006cd8      0x158 ./Drivers/STM32F4xx_HAL_Driver/Src/stm32f4xx_hal_tim.o
                0x08006cd8                TIM_Base_SetConfig
 .text.TIM_TI1_ConfigInputStage
                0x08006e30       0x5e ./Drivers/STM32F4xx_HAL_Driver/Src/stm32f4xx_hal_tim.o
 .text.TIM_TI2_ConfigInputStage
                0x08006e8e       0x60 ./Drivers/STM32F4xx_HAL_Driver/Src/stm32f4xx_hal_tim.o
 .text.TIM_ITRx_SetConfig
                0x08006eee       0x36 ./Drivers/STM32F4xx_HAL_Driver/Src/stm32f4xx_hal_tim.o
 .text.TIM_ETR_SetConfig
                0x08006f24       0x40 ./Drivers/STM32F4xx_HAL_Driver/Src/stm32f4xx_hal_tim.o
                0x08006f24                TIM_ETR_SetConfig
 .text.HAL_TIMEx_MasterConfigSynchronization
                0x08006f64       0xf8 ./Drivers/STM32F4xx_HAL_Driver/Src/stm32f4xx_hal_tim_ex.o
                0x08006f64                HAL_TIMEx_MasterConfigSynchronization
 .text.sprintf  0x0800705c       0x44 C:/ST/STM32CubeIDE_1.17.0/STM32CubeIDE/plugins/com.st.stm32cube.ide.mcu.externaltools.gnu-tools-for-stm32.13.3.rel1.win32_1.0.0.202411081344/tools/bin/../lib/gcc/arm-none-eabi/13.3.1/../../../../arm-none-eabi/lib/thumb/v7e-m+fp/hard\libc_nano.a(libc_a-sprintf.o)
                0x0800705c                siprintf
                0x0800705c                sprintf
 .text.memset   0x080070a0       0x10 C:/ST/STM32CubeIDE_1.17.0/STM32CubeIDE/plugins/com.st.stm32cube.ide.mcu.externaltools.gnu-tools-for-stm32.13.3.rel1.win32_1.0.0.202411081344/tools/bin/../lib/gcc/arm-none-eabi/13.3.1/../../../../arm-none-eabi/lib/thumb/v7e-m+fp/hard\libc_nano.a(libc_a-memset.o)
                0x080070a0                memset
 .text.__errno  0x080070b0        0xc C:/ST/STM32CubeIDE_1.17.0/STM32CubeIDE/plugins/com.st.stm32cube.ide.mcu.externaltools.gnu-tools-for-stm32.13.3.rel1.win32_1.0.0.202411081344/tools/bin/../lib/gcc/arm-none-eabi/13.3.1/../../../../arm-none-eabi/lib/thumb/v7e-m+fp/hard\libc_nano.a(libc_a-errno.o)
                0x080070b0                __errno
 .text.__libc_init_array
                0x080070bc       0x48 C:/ST/STM32CubeIDE_1.17.0/STM32CubeIDE/plugins/com.st.stm32cube.ide.mcu.externaltools.gnu-tools-for-stm32.13.3.rel1.win32_1.0.0.202411081344/tools/bin/../lib/gcc/arm-none-eabi/13.3.1/../../../../arm-none-eabi/lib/thumb/v7e-m+fp/hard\libc_nano.a(libc_a-init.o)
                0x080070bc                __libc_init_array
 .text.__retarget_lock_acquire_recursive
                0x08007104        0x2 C:/ST/STM32CubeIDE_1.17.0/STM32CubeIDE/plugins/com.st.stm32cube.ide.mcu.externaltools.gnu-tools-for-stm32.13.3.rel1.win32_1.0.0.202411081344/tools/bin/../lib/gcc/arm-none-eabi/13.3.1/../../../../arm-none-eabi/lib/thumb/v7e-m+fp/hard\libc_nano.a(libc_a-lock.o)
                0x08007104                __retarget_lock_acquire_recursive
 .text.__retarget_lock_release_recursive
                0x08007106        0x2 C:/ST/STM32CubeIDE_1.17.0/STM32CubeIDE/plugins/com.st.stm32cube.ide.mcu.externaltools.gnu-tools-for-stm32.13.3.rel1.win32_1.0.0.202411081344/tools/bin/../lib/gcc/arm-none-eabi/13.3.1/../../../../arm-none-eabi/lib/thumb/v7e-m+fp/hard\libc_nano.a(libc_a-lock.o)
                0x08007106                __retarget_lock_release_recursive
 .text._free_r  0x08007108       0x94 C:/ST/STM32CubeIDE_1.17.0/STM32CubeIDE/plugins/com.st.stm32cube.ide.mcu.externaltools.gnu-tools-for-stm32.13.3.rel1.win32_1.0.0.202411081344/tools/bin/../lib/gcc/arm-none-eabi/13.3.1/../../../../arm-none-eabi/lib/thumb/v7e-m+fp/hard\libc_nano.a(libc_a-freer.o)
                0x08007108                _free_r
 .text.sbrk_aligned
                0x0800719c       0x44 C:/ST/STM32CubeIDE_1.17.0/STM32CubeIDE/plugins/com.st.stm32cube.ide.mcu.externaltools.gnu-tools-for-stm32.13.3.rel1.win32_1.0.0.202411081344/tools/bin/../lib/gcc/arm-none-eabi/13.3.1/../../../../arm-none-eabi/lib/thumb/v7e-m+fp/hard\libc_nano.a(libc_a-mallocr.o)
 .text._malloc_r
                0x080071e0      0x100 C:/ST/STM32CubeIDE_1.17.0/STM32CubeIDE/plugins/com.st.stm32cube.ide.mcu.externaltools.gnu-tools-for-stm32.13.3.rel1.win32_1.0.0.202411081344/tools/bin/../lib/gcc/arm-none-eabi/13.3.1/../../../../arm-none-eabi/lib/thumb/v7e-m+fp/hard\libc_nano.a(libc_a-mallocr.o)
                0x080071e0                _malloc_r
 .text.__malloc_lock
                0x080072e0        0xc C:/ST/STM32CubeIDE_1.17.0/STM32CubeIDE/plugins/com.st.stm32cube.ide.mcu.externaltools.gnu-tools-for-stm32.13.3.rel1.win32_1.0.0.202411081344/tools/bin/../lib/gcc/arm-none-eabi/13.3.1/../../../../arm-none-eabi/lib/thumb/v7e-m+fp/hard\libc_nano.a(libc_a-mlock.o)
                0x080072e0                __malloc_lock
 .text.__malloc_unlock
                0x080072ec        0xc C:/ST/STM32CubeIDE_1.17.0/STM32CubeIDE/plugins/com.st.stm32cube.ide.mcu.externaltools.gnu-tools-for-stm32.13.3.rel1.win32_1.0.0.202411081344/tools/bin/../lib/gcc/arm-none-eabi/13.3.1/../../../../arm-none-eabi/lib/thumb/v7e-m+fp/hard\libc_nano.a(libc_a-mlock.o)
                0x080072ec                __malloc_unlock
 .text.__ssputs_r
                0x080072f8       0xb6 C:/ST/STM32CubeIDE_1.17.0/STM32CubeIDE/plugins/com.st.stm32cube.ide.mcu.externaltools.gnu-tools-for-stm32.13.3.rel1.win32_1.0.0.202411081344/tools/bin/../lib/gcc/arm-none-eabi/13.3.1/../../../../arm-none-eabi/lib/thumb/v7e-m+fp/hard\libc_nano.a(libc_a-nano-svfprintf.o)
                0x080072f8                __ssputs_r
 *fill*         0x080073ae        0x2 
 .text._svfprintf_r
                0x080073b0      0x1f8 C:/ST/STM32CubeIDE_1.17.0/STM32CubeIDE/plugins/com.st.stm32cube.ide.mcu.externaltools.gnu-tools-for-stm32.13.3.rel1.win32_1.0.0.202411081344/tools/bin/../lib/gcc/arm-none-eabi/13.3.1/../../../../arm-none-eabi/lib/thumb/v7e-m+fp/hard\libc_nano.a(libc_a-nano-svfprintf.o)
                0x080073b0                _svfiprintf_r
                0x080073b0                _svfprintf_r
 .text._printf_common
                0x080075a8       0xda C:/ST/STM32CubeIDE_1.17.0/STM32CubeIDE/plugins/com.st.stm32cube.ide.mcu.externaltools.gnu-tools-for-stm32.13.3.rel1.win32_1.0.0.202411081344/tools/bin/../lib/gcc/arm-none-eabi/13.3.1/../../../../arm-none-eabi/lib/thumb/v7e-m+fp/hard\libc_nano.a(libc_a-nano-vfprintf_i.o)
                0x080075a8                _printf_common
 *fill*         0x08007682        0x2 
 .text._printf_i
                0x08007684      0x23c C:/ST/STM32CubeIDE_1.17.0/STM32CubeIDE/plugins/com.st.stm32cube.ide.mcu.externaltools.gnu-tools-for-stm32.13.3.rel1.win32_1.0.0.202411081344/tools/bin/../lib/gcc/arm-none-eabi/13.3.1/../../../../arm-none-eabi/lib/thumb/v7e-m+fp/hard\libc_nano.a(libc_a-nano-vfprintf_i.o)
                0x08007684                _printf_i
 .text.memmove  0x080078c0       0x34 C:/ST/STM32CubeIDE_1.17.0/STM32CubeIDE/plugins/com.st.stm32cube.ide.mcu.externaltools.gnu-tools-for-stm32.13.3.rel1.win32_1.0.0.202411081344/tools/bin/../lib/gcc/arm-none-eabi/13.3.1/../../../../arm-none-eabi/lib/thumb/v7e-m+fp/hard\libc_nano.a(libc_a-memmove.o)
                0x080078c0                memmove
 .text._sbrk_r  0x080078f4       0x20 C:/ST/STM32CubeIDE_1.17.0/STM32CubeIDE/plugins/com.st.stm32cube.ide.mcu.externaltools.gnu-tools-for-stm32.13.3.rel1.win32_1.0.0.202411081344/tools/bin/../lib/gcc/arm-none-eabi/13.3.1/../../../../arm-none-eabi/lib/thumb/v7e-m+fp/hard\libc_nano.a(libc_a-sbrkr.o)
                0x080078f4                _sbrk_r
 .text.memcpy   0x08007914       0x1c C:/ST/STM32CubeIDE_1.17.0/STM32CubeIDE/plugins/com.st.stm32cube.ide.mcu.externaltools.gnu-tools-for-stm32.13.3.rel1.win32_1.0.0.202411081344/tools/bin/../lib/gcc/arm-none-eabi/13.3.1/../../../../arm-none-eabi/lib/thumb/v7e-m+fp/hard\libc_nano.a(libc_a-memcpy-stub.o)
                0x08007914                memcpy
 .text._realloc_r
                0x08007930       0x5c C:/ST/STM32CubeIDE_1.17.0/STM32CubeIDE/plugins/com.st.stm32cube.ide.mcu.externaltools.gnu-tools-for-stm32.13.3.rel1.win32_1.0.0.202411081344/tools/bin/../lib/gcc/arm-none-eabi/13.3.1/../../../../arm-none-eabi/lib/thumb/v7e-m+fp/hard\libc_nano.a(libc_a-reallocr.o)
                0x08007930                _realloc_r
 .text._malloc_usable_size_r
                0x0800798c       0x10 C:/ST/STM32CubeIDE_1.17.0/STM32CubeIDE/plugins/com.st.stm32cube.ide.mcu.externaltools.gnu-tools-for-stm32.13.3.rel1.win32_1.0.0.202411081344/tools/bin/../lib/gcc/arm-none-eabi/13.3.1/../../../../arm-none-eabi/lib/thumb/v7e-m+fp/hard\libc_nano.a(libc_a-msizer.o)
                0x0800798c                _malloc_usable_size_r
 *(.glue_7)
 .glue_7        0x0800799c        0x0 linker stubs
 *(.glue_7t)
 .glue_7t       0x0800799c        0x0 linker stubs
 *(.eh_frame)
 .eh_frame      0x0800799c        0x0 C:/ST/STM32CubeIDE_1.17.0/STM32CubeIDE/plugins/com.st.stm32cube.ide.mcu.externaltools.gnu-tools-for-stm32.13.3.rel1.win32_1.0.0.202411081344/tools/bin/../lib/gcc/arm-none-eabi/13.3.1/thumb/v7e-m+fp/hard/crtbegin.o
 *(.init)
 .init          0x0800799c        0x4 C:/ST/STM32CubeIDE_1.17.0/STM32CubeIDE/plugins/com.st.stm32cube.ide.mcu.externaltools.gnu-tools-for-stm32.13.3.rel1.win32_1.0.0.202411081344/tools/bin/../lib/gcc/arm-none-eabi/13.3.1/thumb/v7e-m+fp/hard/crti.o
                0x0800799c                _init
 .init          0x080079a0        0x8 C:/ST/STM32CubeIDE_1.17.0/STM32CubeIDE/plugins/com.st.stm32cube.ide.mcu.externaltools.gnu-tools-for-stm32.13.3.rel1.win32_1.0.0.202411081344/tools/bin/../lib/gcc/arm-none-eabi/13.3.1/thumb/v7e-m+fp/hard/crtn.o
 *(.fini)
 .fini          0x080079a8        0x4 C:/ST/STM32CubeIDE_1.17.0/STM32CubeIDE/plugins/com.st.stm32cube.ide.mcu.externaltools.gnu-tools-for-stm32.13.3.rel1.win32_1.0.0.202411081344/tools/bin/../lib/gcc/arm-none-eabi/13.3.1/thumb/v7e-m+fp/hard/crti.o
                0x080079a8                _fini
 .fini          0x080079ac        0x8 C:/ST/STM32CubeIDE_1.17.0/STM32CubeIDE/plugins/com.st.stm32cube.ide.mcu.externaltools.gnu-tools-for-stm32.13.3.rel1.win32_1.0.0.202411081344/tools/bin/../lib/gcc/arm-none-eabi/13.3.1/thumb/v7e-m+fp/hard/crtn.o
                0x080079b4                        . = ALIGN (0x4)
                0x080079b4                        _etext = .

.vfp11_veneer   0x080079b4        0x0
 .vfp11_veneer  0x080079b4        0x0 linker stubs

.v4_bx          0x080079b4        0x0
 .v4_bx         0x080079b4        0x0 linker stubs

.iplt           0x080079b4        0x0
 .iplt          0x080079b4        0x0 C:/ST/STM32CubeIDE_1.17.0/STM32CubeIDE/plugins/com.st.stm32cube.ide.mcu.externaltools.gnu-tools-for-stm32.13.3.rel1.win32_1.0.0.202411081344/tools/bin/../lib/gcc/arm-none-eabi/13.3.1/thumb/v7e-m+fp/hard/crtbegin.o

.rodata         0x080079b4     0x12f4
                0x080079b4                        . = ALIGN (0x4)
 *(.rodata)
 .rodata        0x080079b4       0xd6 ./Core/Src/screens.o
 *(.rodata*)
 *fill*         0x08007a8a        0x2 
 .rodata.ASCII16x24_Table
                0x08007a8c     0x11d0 ./Core/Src/fonts.o
                0x08007a8c                ASCII16x24_Table
 .rodata.AHBPrescTable
                0x08008c5c       0x10 ./Core/Src/system_stm32f4xx.o
                0x08008c5c                AHBPrescTable
 .rodata.APBPrescTable
                0x08008c6c        0x8 ./Core/Src/system_stm32f4xx.o
                0x08008c6c                APBPrescTable
 .rodata._svfprintf_r.str1.1
                0x08008c74       0x33 C:/ST/STM32CubeIDE_1.17.0/STM32CubeIDE/plugins/com.st.stm32cube.ide.mcu.externaltools.gnu-tools-for-stm32.13.3.rel1.win32_1.0.0.202411081344/tools/bin/../lib/gcc/arm-none-eabi/13.3.1/../../../../arm-none-eabi/lib/thumb/v7e-m+fp/hard\libc_nano.a(libc_a-nano-svfprintf.o)
                                 0x11 (size before relaxing)
 .rodata._printf_i.str1.1
                0x08008ca7       0x22 C:/ST/STM32CubeIDE_1.17.0/STM32CubeIDE/plugins/com.st.stm32cube.ide.mcu.externaltools.gnu-tools-for-stm32.13.3.rel1.win32_1.0.0.202411081344/tools/bin/../lib/gcc/arm-none-eabi/13.3.1/../../../../arm-none-eabi/lib/thumb/v7e-m+fp/hard\libc_nano.a(libc_a-nano-vfprintf_i.o)
                0x08008ccc                        . = ALIGN (0x4)
 *fill*         0x08008ca7        0x1 

.ARM.extab      0x08008ca8        0x0
                0x08008ca8                        . = ALIGN (0x4)
 *(.ARM.extab* .gnu.linkonce.armextab.*)
                0x08008ca8                        . = ALIGN (0x4)

.ARM            0x08008ca8        0x8
                0x08008ca8                        . = ALIGN (0x4)
                0x08008ca8                        __exidx_start = .
 *(.ARM.exidx*)
 .ARM.exidx     0x08008ca8        0x8 C:/ST/STM32CubeIDE_1.17.0/STM32CubeIDE/plugins/com.st.stm32cube.ide.mcu.externaltools.gnu-tools-for-stm32.13.3.rel1.win32_1.0.0.202411081344/tools/bin/../lib/gcc/arm-none-eabi/13.3.1/../../../../arm-none-eabi/lib/thumb/v7e-m+fp/hard\libc_nano.a(libc_a-memchr.o)
 .ARM.exidx     0x08008cb0        0x0 C:/ST/STM32CubeIDE_1.17.0/STM32CubeIDE/plugins/com.st.stm32cube.ide.mcu.externaltools.gnu-tools-for-stm32.13.3.rel1.win32_1.0.0.202411081344/tools/bin/../lib/gcc/arm-none-eabi/13.3.1/thumb/v7e-m+fp/hard\libgcc.a(_udivmoddi4.o)
                                  0x8 (size before relaxing)
                0x08008cb0                        __exidx_end = .
                0x08008cb0                        . = ALIGN (0x4)

.preinit_array  0x08008cb0        0x0
                0x08008cb0                        . = ALIGN (0x4)
                0x08008cb0                        PROVIDE (__preinit_array_start = .)
 *(.preinit_array*)
                0x08008cb0                        PROVIDE (__preinit_array_end = .)
                0x08008cb0                        . = ALIGN (0x4)

.init_array     0x08008cb0        0x4
                0x08008cb0                        . = ALIGN (0x4)
                0x08008cb0                        PROVIDE (__init_array_start = .)
 *(SORT_BY_NAME(.init_array.*))
 *(.init_array*)
 .init_array    0x08008cb0        0x4 C:/ST/STM32CubeIDE_1.17.0/STM32CubeIDE/plugins/com.st.stm32cube.ide.mcu.externaltools.gnu-tools-for-stm32.13.3.rel1.win32_1.0.0.202411081344/tools/bin/../lib/gcc/arm-none-eabi/13.3.1/thumb/v7e-m+fp/hard/crtbegin.o
                0x08008cb4                        PROVIDE (__init_array_end = .)
                0x08008cb4                        . = ALIGN (0x4)

.fini_array     0x08008cb4        0x4
                0x08008cb4                        . = ALIGN (0x4)
                [!provide]                        PROVIDE (__fini_array_start = .)
 *(SORT_BY_NAME(.fini_array.*))
 *(.fini_array*)
 .fini_array    0x08008cb4        0x4 C:/ST/STM32CubeIDE_1.17.0/STM32CubeIDE/plugins/com.st.stm32cube.ide.mcu.externaltools.gnu-tools-for-stm32.13.3.rel1.win32_1.0.0.202411081344/tools/bin/../lib/gcc/arm-none-eabi/13.3.1/thumb/v7e-m+fp/hard/crtbegin.o
                [!provide]                        PROVIDE (__fini_array_end = .)
                0x08008cb8                        . = ALIGN (0x4)
                0x08008cb8                        _sidata = LOADADDR (.data)

.rel.dyn        0x08008cb8        0x0
 .rel.iplt      0x08008cb8        0x0 C:/ST/STM32CubeIDE_1.17.0/STM32CubeIDE/plugins/com.st.stm32cube.ide.mcu.externaltools.gnu-tools-for-stm32.13.3.rel1.win32_1.0.0.202411081344/tools/bin/../lib/gcc/arm-none-eabi/13.3.1/thumb/v7e-m+fp/hard/crtbegin.o

.data           0x20000000       0x70 load address 0x08008cb8
                0x20000000                        . = ALIGN (0x4)
                0x20000000                        _sdata = .
 *(.data)
 *(.data*)
 .data.CurrentTextColor
                0x20000000        0x2 ./Core/Src/LCD_Driver.o
 *fill*         0x20000002        0x2 
 .data.Font16x24
                0x20000004        0x8 ./Core/Src/fonts.o
                0x20000004                Font16x24
 .data.currentCol.0
                0x2000000c        0x4 ./Core/Src/game.o
 .data.SpiTimeout
                0x20000010        0x4 ./Core/Src/ili9341.o
                0x20000010                SpiTimeout
 .data.SystemCoreClock
                0x20000014        0x4 ./Core/Src/system_stm32f4xx.o
                0x20000014                SystemCoreClock
 .data.uwTickPrio
                0x20000018        0x4 ./Drivers/STM32F4xx_HAL_Driver/Src/stm32f4xx_hal.o
                0x20000018                uwTickPrio
 .data.uwTickFreq
                0x2000001c        0x1 ./Drivers/STM32F4xx_HAL_Driver/Src/stm32f4xx_hal.o
                0x2000001c                uwTickFreq
 *fill*         0x2000001d        0x3 
 .data._impure_ptr
                0x20000020        0x4 C:/ST/STM32CubeIDE_1.17.0/STM32CubeIDE/plugins/com.st.stm32cube.ide.mcu.externaltools.gnu-tools-for-stm32.13.3.rel1.win32_1.0.0.202411081344/tools/bin/../lib/gcc/arm-none-eabi/13.3.1/../../../../arm-none-eabi/lib/thumb/v7e-m+fp/hard\libc_nano.a(libc_a-impure.o)
                0x20000020                _impure_ptr
 .data._impure_data
                0x20000024       0x4c C:/ST/STM32CubeIDE_1.17.0/STM32CubeIDE/plugins/com.st.stm32cube.ide.mcu.externaltools.gnu-tools-for-stm32.13.3.rel1.win32_1.0.0.202411081344/tools/bin/../lib/gcc/arm-none-eabi/13.3.1/../../../../arm-none-eabi/lib/thumb/v7e-m+fp/hard\libc_nano.a(libc_a-impure.o)
                0x20000024                _impure_data
 *(.RamFunc)
 *(.RamFunc*)
                0x20000070                        . = ALIGN (0x4)
                0x20000070                        _edata = .
                0x08008d28                        _siccmram = LOADADDR (.ccmram)

.igot.plt       0x20000070        0x0 load address 0x08008d28
 .igot.plt      0x20000070        0x0 C:/ST/STM32CubeIDE_1.17.0/STM32CubeIDE/plugins/com.st.stm32cube.ide.mcu.externaltools.gnu-tools-for-stm32.13.3.rel1.win32_1.0.0.202411081344/tools/bin/../lib/gcc/arm-none-eabi/13.3.1/thumb/v7e-m+fp/hard/crtbegin.o

.ccmram         0x10000000        0x0 load address 0x08008d28
                0x10000000                        . = ALIGN (0x4)
                0x10000000                        _sccmram = .
 *(.ccmram)
 *(.ccmram*)
                0x10000000                        . = ALIGN (0x4)
                0x10000000                        _eccmram = .
                0x10000000                        . = ALIGN (0x4)

.bss            0x20000070    0x25ce0
                0x20000070                        _sbss = .
                0x20000070                        __bss_start__ = _sbss
 *(.bss)
 .bss           0x20000070       0x1c C:/ST/STM32CubeIDE_1.17.0/STM32CubeIDE/plugins/com.st.stm32cube.ide.mcu.externaltools.gnu-tools-for-stm32.13.3.rel1.win32_1.0.0.202411081344/tools/bin/../lib/gcc/arm-none-eabi/13.3.1/thumb/v7e-m+fp/hard/crtbegin.o
 *(.bss*)
 .bss.hltdc     0x2000008c       0xa8 ./Core/Src/LCD_Driver.o
 .bss.PeriphClkInitStruct
                0x20000134       0x30 ./Core/Src/LCD_Driver.o
 .bss.LCD_Currentfonts
                0x20000164        0x4 ./Core/Src/LCD_Driver.o
 .bss.frameBuffer
                0x20000168    0x25800 ./Core/Src/LCD_Driver.o
                0x20000168                frameBuffer
 .bss.is1p      0x20025968        0x1 ./Core/Src/game.o
 *fill*         0x20025969        0x3 
 .bss.redWins   0x2002596c        0x4 ./Core/Src/game.o
 .bss.yellowWins
                0x20025970        0x4 ./Core/Src/game.o
 .bss.board     0x20025974       0x2a ./Core/Src/game.o
                0x20025974                board
 .bss.dropRequested
                0x2002599e        0x1 ./Core/Src/game.o
                0x2002599e                dropRequested
 *fill*         0x2002599f        0x1 
 .bss.SpiHandle
                0x200259a0       0x58 ./Core/Src/ili9341.o
 .bss.Is_LCD_IO_Initialized
                0x200259f8        0x1 ./Core/Src/ili9341.o
 *fill*         0x200259f9        0x3 
 .bss.hrng      0x200259fc       0x10 ./Core/Src/main.o
                0x200259fc                hrng
 .bss.hi2c3     0x20025a0c       0x54 ./Core/Src/main.o
                0x20025a0c                hi2c3
 .bss.hltdc     0x20025a60       0xa8 ./Core/Src/main.o
                0x20025a60                hltdc
 .bss.hspi5     0x20025b08       0x58 ./Core/Src/main.o
                0x20025b08                hspi5
 .bss.htim2     0x20025b60       0x48 ./Core/Src/main.o
                0x20025b60                htim2
 .bss.hI2C3     0x20025ba8       0x54 ./Core/Src/stmpe811.o
 .bss.HAL_status
                0x20025bfc        0x1 ./Core/Src/stmpe811.o
 *fill*         0x20025bfd        0x3 
 .bss.__sbrk_heap_end
                0x20025c00        0x4 ./Core/Src/sysmem.o
 .bss.uwTick    0x20025c04        0x4 ./Drivers/STM32F4xx_HAL_Driver/Src/stm32f4xx_hal.o
                0x20025c04                uwTick
 .bss.__sf      0x20025c08      0x138 C:/ST/STM32CubeIDE_1.17.0/STM32CubeIDE/plugins/com.st.stm32cube.ide.mcu.externaltools.gnu-tools-for-stm32.13.3.rel1.win32_1.0.0.202411081344/tools/bin/../lib/gcc/arm-none-eabi/13.3.1/../../../../arm-none-eabi/lib/thumb/v7e-m+fp/hard\libc_nano.a(libc_a-findfp.o)
                0x20025c08                __sf
 .bss.errno     0x20025d40        0x4 C:/ST/STM32CubeIDE_1.17.0/STM32CubeIDE/plugins/com.st.stm32cube.ide.mcu.externaltools.gnu-tools-for-stm32.13.3.rel1.win32_1.0.0.202411081344/tools/bin/../lib/gcc/arm-none-eabi/13.3.1/../../../../arm-none-eabi/lib/thumb/v7e-m+fp/hard\libc_nano.a(libc_a-reent.o)
                0x20025d40                errno
 .bss.__lock___malloc_recursive_mutex
                0x20025d44        0x1 C:/ST/STM32CubeIDE_1.17.0/STM32CubeIDE/plugins/com.st.stm32cube.ide.mcu.externaltools.gnu-tools-for-stm32.13.3.rel1.win32_1.0.0.202411081344/tools/bin/../lib/gcc/arm-none-eabi/13.3.1/../../../../arm-none-eabi/lib/thumb/v7e-m+fp/hard\libc_nano.a(libc_a-lock.o)
                0x20025d44                __lock___malloc_recursive_mutex
 *fill*         0x20025d45        0x3 
 .bss.__malloc_sbrk_start
                0x20025d48        0x4 C:/ST/STM32CubeIDE_1.17.0/STM32CubeIDE/plugins/com.st.stm32cube.ide.mcu.externaltools.gnu-tools-for-stm32.13.3.rel1.win32_1.0.0.202411081344/tools/bin/../lib/gcc/arm-none-eabi/13.3.1/../../../../arm-none-eabi/lib/thumb/v7e-m+fp/hard\libc_nano.a(libc_a-mallocr.o)
                0x20025d48                __malloc_sbrk_start
 .bss.__malloc_free_list
                0x20025d4c        0x4 C:/ST/STM32CubeIDE_1.17.0/STM32CubeIDE/plugins/com.st.stm32cube.ide.mcu.externaltools.gnu-tools-for-stm32.13.3.rel1.win32_1.0.0.202411081344/tools/bin/../lib/gcc/arm-none-eabi/13.3.1/../../../../arm-none-eabi/lib/thumb/v7e-m+fp/hard\libc_nano.a(libc_a-mallocr.o)
                0x20025d4c                __malloc_free_list
 *(COMMON)
                0x20025d50                        . = ALIGN (0x4)
                0x20025d50                        _ebss = .
                0x20025d50                        __bss_end__ = _ebss

._user_heap_stack
                0x20025d50      0x600
                0x20025d50                        . = ALIGN (0x8)
                [!provide]                        PROVIDE (end = .)
                0x20025d50                        PROVIDE (_end = .)
                0x20025f50                        . = (. + _Min_Heap_Size)
 *fill*         0x20025d50      0x200 
                0x20026350                        . = (. + _Min_Stack_Size)
 *fill*         0x20025f50      0x400 
                0x20026350                        . = ALIGN (0x8)

/DISCARD/
 libc.a(*)
 libm.a(*)
 libgcc.a(*)

.ARM.attributes
                0x00000000       0x30
 *(.ARM.attributes)
 .ARM.attributes
                0x00000000       0x22 C:/ST/STM32CubeIDE_1.17.0/STM32CubeIDE/plugins/com.st.stm32cube.ide.mcu.externaltools.gnu-tools-for-stm32.13.3.rel1.win32_1.0.0.202411081344/tools/bin/../lib/gcc/arm-none-eabi/13.3.1/thumb/v7e-m+fp/hard/crti.o
 .ARM.attributes
                0x00000022       0x34 C:/ST/STM32CubeIDE_1.17.0/STM32CubeIDE/plugins/com.st.stm32cube.ide.mcu.externaltools.gnu-tools-for-stm32.13.3.rel1.win32_1.0.0.202411081344/tools/bin/../lib/gcc/arm-none-eabi/13.3.1/thumb/v7e-m+fp/hard/crtbegin.o
 .ARM.attributes
                0x00000056       0x34 ./Core/Src/ApplicationCode.o
 .ARM.attributes
                0x0000008a       0x34 ./Core/Src/Button_Driver.o
 .ARM.attributes
                0x000000be       0x34 ./Core/Src/LCD_Driver.o
 .ARM.attributes
                0x000000f2       0x34 ./Core/Src/fonts.o
 .ARM.attributes
                0x00000126       0x34 ./Core/Src/game.o
 .ARM.attributes
                0x0000015a       0x34 ./Core/Src/ili9341.o
 .ARM.attributes
                0x0000018e       0x34 ./Core/Src/main.o
 .ARM.attributes
                0x000001c2       0x34 ./Core/Src/screens.o
 .ARM.attributes
                0x000001f6       0x34 ./Core/Src/stm32f4xx_hal_msp.o
 .ARM.attributes
                0x0000022a       0x34 ./Core/Src/stm32f4xx_it.o
 .ARM.attributes
                0x0000025e       0x34 ./Core/Src/stmpe811.o
 .ARM.attributes
                0x00000292       0x34 ./Core/Src/syscalls.o
 .ARM.attributes
                0x000002c6       0x34 ./Core/Src/sysmem.o
 .ARM.attributes
                0x000002fa       0x34 ./Core/Src/system_stm32f4xx.o
 .ARM.attributes
                0x0000032e       0x21 ./Core/Startup/startup_stm32f429zitx.o
 .ARM.attributes
                0x0000034f       0x34 ./Drivers/STM32F4xx_HAL_Driver/Src/stm32f4xx_hal.o
 .ARM.attributes
                0x00000383       0x34 ./Drivers/STM32F4xx_HAL_Driver/Src/stm32f4xx_hal_cortex.o
 .ARM.attributes
                0x000003b7       0x34 ./Drivers/STM32F4xx_HAL_Driver/Src/stm32f4xx_hal_gpio.o
 .ARM.attributes
                0x000003eb       0x34 ./Drivers/STM32F4xx_HAL_Driver/Src/stm32f4xx_hal_i2c.o
 .ARM.attributes
                0x0000041f       0x34 ./Drivers/STM32F4xx_HAL_Driver/Src/stm32f4xx_hal_i2c_ex.o
 .ARM.attributes
                0x00000453       0x34 ./Drivers/STM32F4xx_HAL_Driver/Src/stm32f4xx_hal_ltdc.o
 .ARM.attributes
                0x00000487       0x34 ./Drivers/STM32F4xx_HAL_Driver/Src/stm32f4xx_hal_rcc.o
 .ARM.attributes
                0x000004bb       0x34 ./Drivers/STM32F4xx_HAL_Driver/Src/stm32f4xx_hal_rcc_ex.o
 .ARM.attributes
                0x000004ef       0x34 ./Drivers/STM32F4xx_HAL_Driver/Src/stm32f4xx_hal_rng.o
 .ARM.attributes
                0x00000523       0x34 ./Drivers/STM32F4xx_HAL_Driver/Src/stm32f4xx_hal_spi.o
 .ARM.attributes
                0x00000557       0x34 ./Drivers/STM32F4xx_HAL_Driver/Src/stm32f4xx_hal_tim.o
 .ARM.attributes
                0x0000058b       0x34 ./Drivers/STM32F4xx_HAL_Driver/Src/stm32f4xx_hal_tim_ex.o
 .ARM.attributes
                0x000005bf       0x34 C:/ST/STM32CubeIDE_1.17.0/STM32CubeIDE/plugins/com.st.stm32cube.ide.mcu.externaltools.gnu-tools-for-stm32.13.3.rel1.win32_1.0.0.202411081344/tools/bin/../lib/gcc/arm-none-eabi/13.3.1/../../../../arm-none-eabi/lib/thumb/v7e-m+fp/hard\libc_nano.a(libc_a-findfp.o)
 .ARM.attributes
                0x000005f3       0x34 C:/ST/STM32CubeIDE_1.17.0/STM32CubeIDE/plugins/com.st.stm32cube.ide.mcu.externaltools.gnu-tools-for-stm32.13.3.rel1.win32_1.0.0.202411081344/tools/bin/../lib/gcc/arm-none-eabi/13.3.1/../../../../arm-none-eabi/lib/thumb/v7e-m+fp/hard\libc_nano.a(libc_a-sprintf.o)
 .ARM.attributes
                0x00000627       0x34 C:/ST/STM32CubeIDE_1.17.0/STM32CubeIDE/plugins/com.st.stm32cube.ide.mcu.externaltools.gnu-tools-for-stm32.13.3.rel1.win32_1.0.0.202411081344/tools/bin/../lib/gcc/arm-none-eabi/13.3.1/../../../../arm-none-eabi/lib/thumb/v7e-m+fp/hard\libc_nano.a(libc_a-memset.o)
 .ARM.attributes
                0x0000065b       0x34 C:/ST/STM32CubeIDE_1.17.0/STM32CubeIDE/plugins/com.st.stm32cube.ide.mcu.externaltools.gnu-tools-for-stm32.13.3.rel1.win32_1.0.0.202411081344/tools/bin/../lib/gcc/arm-none-eabi/13.3.1/../../../../arm-none-eabi/lib/thumb/v7e-m+fp/hard\libc_nano.a(libc_a-reent.o)
 .ARM.attributes
                0x0000068f       0x34 C:/ST/STM32CubeIDE_1.17.0/STM32CubeIDE/plugins/com.st.stm32cube.ide.mcu.externaltools.gnu-tools-for-stm32.13.3.rel1.win32_1.0.0.202411081344/tools/bin/../lib/gcc/arm-none-eabi/13.3.1/../../../../arm-none-eabi/lib/thumb/v7e-m+fp/hard\libc_nano.a(libc_a-impure.o)
 .ARM.attributes
                0x000006c3       0x34 C:/ST/STM32CubeIDE_1.17.0/STM32CubeIDE/plugins/com.st.stm32cube.ide.mcu.externaltools.gnu-tools-for-stm32.13.3.rel1.win32_1.0.0.202411081344/tools/bin/../lib/gcc/arm-none-eabi/13.3.1/../../../../arm-none-eabi/lib/thumb/v7e-m+fp/hard\libc_nano.a(libc_a-errno.o)
 .ARM.attributes
                0x000006f7       0x34 C:/ST/STM32CubeIDE_1.17.0/STM32CubeIDE/plugins/com.st.stm32cube.ide.mcu.externaltools.gnu-tools-for-stm32.13.3.rel1.win32_1.0.0.202411081344/tools/bin/../lib/gcc/arm-none-eabi/13.3.1/../../../../arm-none-eabi/lib/thumb/v7e-m+fp/hard\libc_nano.a(libc_a-init.o)
 .ARM.attributes
                0x0000072b       0x34 C:/ST/STM32CubeIDE_1.17.0/STM32CubeIDE/plugins/com.st.stm32cube.ide.mcu.externaltools.gnu-tools-for-stm32.13.3.rel1.win32_1.0.0.202411081344/tools/bin/../lib/gcc/arm-none-eabi/13.3.1/../../../../arm-none-eabi/lib/thumb/v7e-m+fp/hard\libc_nano.a(libc_a-lock.o)
 .ARM.attributes
                0x0000075f       0x34 C:/ST/STM32CubeIDE_1.17.0/STM32CubeIDE/plugins/com.st.stm32cube.ide.mcu.externaltools.gnu-tools-for-stm32.13.3.rel1.win32_1.0.0.202411081344/tools/bin/../lib/gcc/arm-none-eabi/13.3.1/../../../../arm-none-eabi/lib/thumb/v7e-m+fp/hard\libc_nano.a(libc_a-freer.o)
 .ARM.attributes
                0x00000793       0x34 C:/ST/STM32CubeIDE_1.17.0/STM32CubeIDE/plugins/com.st.stm32cube.ide.mcu.externaltools.gnu-tools-for-stm32.13.3.rel1.win32_1.0.0.202411081344/tools/bin/../lib/gcc/arm-none-eabi/13.3.1/../../../../arm-none-eabi/lib/thumb/v7e-m+fp/hard\libc_nano.a(libc_a-mallocr.o)
 .ARM.attributes
                0x000007c7       0x34 C:/ST/STM32CubeIDE_1.17.0/STM32CubeIDE/plugins/com.st.stm32cube.ide.mcu.externaltools.gnu-tools-for-stm32.13.3.rel1.win32_1.0.0.202411081344/tools/bin/../lib/gcc/arm-none-eabi/13.3.1/../../../../arm-none-eabi/lib/thumb/v7e-m+fp/hard\libc_nano.a(libc_a-mlock.o)
 .ARM.attributes
                0x000007fb       0x34 C:/ST/STM32CubeIDE_1.17.0/STM32CubeIDE/plugins/com.st.stm32cube.ide.mcu.externaltools.gnu-tools-for-stm32.13.3.rel1.win32_1.0.0.202411081344/tools/bin/../lib/gcc/arm-none-eabi/13.3.1/../../../../arm-none-eabi/lib/thumb/v7e-m+fp/hard\libc_nano.a(libc_a-nano-svfprintf.o)
 .ARM.attributes
                0x0000082f       0x34 C:/ST/STM32CubeIDE_1.17.0/STM32CubeIDE/plugins/com.st.stm32cube.ide.mcu.externaltools.gnu-tools-for-stm32.13.3.rel1.win32_1.0.0.202411081344/tools/bin/../lib/gcc/arm-none-eabi/13.3.1/../../../../arm-none-eabi/lib/thumb/v7e-m+fp/hard\libc_nano.a(libc_a-nano-vfprintf_i.o)
 .ARM.attributes
                0x00000863       0x34 C:/ST/STM32CubeIDE_1.17.0/STM32CubeIDE/plugins/com.st.stm32cube.ide.mcu.externaltools.gnu-tools-for-stm32.13.3.rel1.win32_1.0.0.202411081344/tools/bin/../lib/gcc/arm-none-eabi/13.3.1/../../../../arm-none-eabi/lib/thumb/v7e-m+fp/hard\libc_nano.a(libc_a-memmove.o)
 .ARM.attributes
                0x00000897       0x34 C:/ST/STM32CubeIDE_1.17.0/STM32CubeIDE/plugins/com.st.stm32cube.ide.mcu.externaltools.gnu-tools-for-stm32.13.3.rel1.win32_1.0.0.202411081344/tools/bin/../lib/gcc/arm-none-eabi/13.3.1/../../../../arm-none-eabi/lib/thumb/v7e-m+fp/hard\libc_nano.a(libc_a-sbrkr.o)
 .ARM.attributes
                0x000008cb       0x1c C:/ST/STM32CubeIDE_1.17.0/STM32CubeIDE/plugins/com.st.stm32cube.ide.mcu.externaltools.gnu-tools-for-stm32.13.3.rel1.win32_1.0.0.202411081344/tools/bin/../lib/gcc/arm-none-eabi/13.3.1/../../../../arm-none-eabi/lib/thumb/v7e-m+fp/hard\libc_nano.a(libc_a-memchr.o)
 .ARM.attributes
                0x000008e7       0x34 C:/ST/STM32CubeIDE_1.17.0/STM32CubeIDE/plugins/com.st.stm32cube.ide.mcu.externaltools.gnu-tools-for-stm32.13.3.rel1.win32_1.0.0.202411081344/tools/bin/../lib/gcc/arm-none-eabi/13.3.1/../../../../arm-none-eabi/lib/thumb/v7e-m+fp/hard\libc_nano.a(libc_a-memcpy-stub.o)
 .ARM.attributes
                0x0000091b       0x34 C:/ST/STM32CubeIDE_1.17.0/STM32CubeIDE/plugins/com.st.stm32cube.ide.mcu.externaltools.gnu-tools-for-stm32.13.3.rel1.win32_1.0.0.202411081344/tools/bin/../lib/gcc/arm-none-eabi/13.3.1/../../../../arm-none-eabi/lib/thumb/v7e-m+fp/hard\libc_nano.a(libc_a-reallocr.o)
 .ARM.attributes
                0x0000094f       0x34 C:/ST/STM32CubeIDE_1.17.0/STM32CubeIDE/plugins/com.st.stm32cube.ide.mcu.externaltools.gnu-tools-for-stm32.13.3.rel1.win32_1.0.0.202411081344/tools/bin/../lib/gcc/arm-none-eabi/13.3.1/../../../../arm-none-eabi/lib/thumb/v7e-m+fp/hard\libc_nano.a(libc_a-msizer.o)
 .ARM.attributes
                0x00000983       0x22 C:/ST/STM32CubeIDE_1.17.0/STM32CubeIDE/plugins/com.st.stm32cube.ide.mcu.externaltools.gnu-tools-for-stm32.13.3.rel1.win32_1.0.0.202411081344/tools/bin/../lib/gcc/arm-none-eabi/13.3.1/thumb/v7e-m+fp/hard\libgcc.a(_aeabi_uldivmod.o)
 .ARM.attributes
                0x000009a5       0x34 C:/ST/STM32CubeIDE_1.17.0/STM32CubeIDE/plugins/com.st.stm32cube.ide.mcu.externaltools.gnu-tools-for-stm32.13.3.rel1.win32_1.0.0.202411081344/tools/bin/../lib/gcc/arm-none-eabi/13.3.1/thumb/v7e-m+fp/hard\libgcc.a(_udivmoddi4.o)
 .ARM.attributes
                0x000009d9       0x22 C:/ST/STM32CubeIDE_1.17.0/STM32CubeIDE/plugins/com.st.stm32cube.ide.mcu.externaltools.gnu-tools-for-stm32.13.3.rel1.win32_1.0.0.202411081344/tools/bin/../lib/gcc/arm-none-eabi/13.3.1/thumb/v7e-m+fp/hard\libgcc.a(_dvmd_tls.o)
 .ARM.attributes
                0x000009fb       0x22 C:/ST/STM32CubeIDE_1.17.0/STM32CubeIDE/plugins/com.st.stm32cube.ide.mcu.externaltools.gnu-tools-for-stm32.13.3.rel1.win32_1.0.0.202411081344/tools/bin/../lib/gcc/arm-none-eabi/13.3.1/thumb/v7e-m+fp/hard/crtn.o
OUTPUT(ECEN2370_StarterCode_SP25.elf elf32-littlearm)
LOAD linker stubs
LOAD C:/ST/STM32CubeIDE_1.17.0/STM32CubeIDE/plugins/com.st.stm32cube.ide.mcu.externaltools.gnu-tools-for-stm32.13.3.rel1.win32_1.0.0.202411081344/tools/bin/../lib/gcc/arm-none-eabi/13.3.1/../../../../arm-none-eabi/lib/thumb/v7e-m+fp/hard\libc.a
LOAD C:/ST/STM32CubeIDE_1.17.0/STM32CubeIDE/plugins/com.st.stm32cube.ide.mcu.externaltools.gnu-tools-for-stm32.13.3.rel1.win32_1.0.0.202411081344/tools/bin/../lib/gcc/arm-none-eabi/13.3.1/../../../../arm-none-eabi/lib/thumb/v7e-m+fp/hard\libm.a
LOAD C:/ST/STM32CubeIDE_1.17.0/STM32CubeIDE/plugins/com.st.stm32cube.ide.mcu.externaltools.gnu-tools-for-stm32.13.3.rel1.win32_1.0.0.202411081344/tools/bin/../lib/gcc/arm-none-eabi/13.3.1/thumb/v7e-m+fp/hard\libgcc.a

.debug_info     0x00000000    0x149e3
 .debug_info    0x00000000      0x40c ./Core/Src/ApplicationCode.o
 .debug_info    0x0000040c      0x723 ./Core/Src/Button_Driver.o
 .debug_info    0x00000b2f     0x10cd ./Core/Src/LCD_Driver.o
 .debug_info    0x00001bfc      0x145 ./Core/Src/fonts.o
 .debug_info    0x00001d41      0x8fe ./Core/Src/game.o
 .debug_info    0x0000263f      0xc85 ./Core/Src/ili9341.o
 .debug_info    0x000032c4     0x1931 ./Core/Src/main.o
 .debug_info    0x00004bf5      0x951 ./Core/Src/screens.o
 .debug_info    0x00005546     0x17bd ./Core/Src/stm32f4xx_hal_msp.o
 .debug_info    0x00006d03      0x151 ./Core/Src/stm32f4xx_it.o
 .debug_info    0x00006e54      0xdd7 ./Core/Src/stmpe811.o
 .debug_info    0x00007c2b      0x6a3 ./Core/Src/syscalls.o
 .debug_info    0x000082ce      0x168 ./Core/Src/sysmem.o
 .debug_info    0x00008436      0x52e ./Core/Src/system_stm32f4xx.o
 .debug_info    0x00008964       0x30 ./Core/Startup/startup_stm32f429zitx.o
 .debug_info    0x00008994      0x9ba ./Drivers/STM32F4xx_HAL_Driver/Src/stm32f4xx_hal.o
 .debug_info    0x0000934e      0xdc2 ./Drivers/STM32F4xx_HAL_Driver/Src/stm32f4xx_hal_cortex.o
 .debug_info    0x0000a110      0x6db ./Drivers/STM32F4xx_HAL_Driver/Src/stm32f4xx_hal_gpio.o
 .debug_info    0x0000a7eb     0x2421 ./Drivers/STM32F4xx_HAL_Driver/Src/stm32f4xx_hal_i2c.o
 .debug_info    0x0000cc0c      0x672 ./Drivers/STM32F4xx_HAL_Driver/Src/stm32f4xx_hal_i2c_ex.o
 .debug_info    0x0000d27e     0x1022 ./Drivers/STM32F4xx_HAL_Driver/Src/stm32f4xx_hal_ltdc.o
 .debug_info    0x0000e2a0      0x8c7 ./Drivers/STM32F4xx_HAL_Driver/Src/stm32f4xx_hal_rcc.o
 .debug_info    0x0000eb67      0x64c ./Drivers/STM32F4xx_HAL_Driver/Src/stm32f4xx_hal_rcc_ex.o
 .debug_info    0x0000f1b3      0x493 ./Drivers/STM32F4xx_HAL_Driver/Src/stm32f4xx_hal_rng.o
 .debug_info    0x0000f646     0x1525 ./Drivers/STM32F4xx_HAL_Driver/Src/stm32f4xx_hal_spi.o
 .debug_info    0x00010b6b     0x299d ./Drivers/STM32F4xx_HAL_Driver/Src/stm32f4xx_hal_tim.o
 .debug_info    0x00013508     0x14db ./Drivers/STM32F4xx_HAL_Driver/Src/stm32f4xx_hal_tim_ex.o

.debug_abbrev   0x00000000     0x35f1
 .debug_abbrev  0x00000000      0x188 ./Core/Src/ApplicationCode.o
 .debug_abbrev  0x00000188      0x1b5 ./Core/Src/Button_Driver.o
 .debug_abbrev  0x0000033d      0x316 ./Core/Src/LCD_Driver.o
 .debug_abbrev  0x00000653       0xc6 ./Core/Src/fonts.o
 .debug_abbrev  0x00000719      0x309 ./Core/Src/game.o
 .debug_abbrev  0x00000a22      0x2c9 ./Core/Src/ili9341.o
 .debug_abbrev  0x00000ceb      0x2cc ./Core/Src/main.o
 .debug_abbrev  0x00000fb7      0x1e9 ./Core/Src/screens.o
 .debug_abbrev  0x000011a0      0x25c ./Core/Src/stm32f4xx_hal_msp.o
 .debug_abbrev  0x000013fc       0xa0 ./Core/Src/stm32f4xx_it.o
 .debug_abbrev  0x0000149c      0x2c9 ./Core/Src/stmpe811.o
 .debug_abbrev  0x00001765      0x1b6 ./Core/Src/syscalls.o
 .debug_abbrev  0x0000191b       0xbc ./Core/Src/sysmem.o
 .debug_abbrev  0x000019d7      0x11a ./Core/Src/system_stm32f4xx.o
 .debug_abbrev  0x00001af1       0x24 ./Core/Startup/startup_stm32f429zitx.o
 .debug_abbrev  0x00001b15      0x214 ./Drivers/STM32F4xx_HAL_Driver/Src/stm32f4xx_hal.o
 .debug_abbrev  0x00001d29      0x31d ./Drivers/STM32F4xx_HAL_Driver/Src/stm32f4xx_hal_cortex.o
 .debug_abbrev  0x00002046      0x1d4 ./Drivers/STM32F4xx_HAL_Driver/Src/stm32f4xx_hal_gpio.o
 .debug_abbrev  0x0000221a      0x2ad ./Drivers/STM32F4xx_HAL_Driver/Src/stm32f4xx_hal_i2c.o
 .debug_abbrev  0x000024c7      0x157 ./Drivers/STM32F4xx_HAL_Driver/Src/stm32f4xx_hal_i2c_ex.o
 .debug_abbrev  0x0000261e      0x233 ./Drivers/STM32F4xx_HAL_Driver/Src/stm32f4xx_hal_ltdc.o
 .debug_abbrev  0x00002851      0x2b7 ./Drivers/STM32F4xx_HAL_Driver/Src/stm32f4xx_hal_rcc.o
 .debug_abbrev  0x00002b08      0x1b0 ./Drivers/STM32F4xx_HAL_Driver/Src/stm32f4xx_hal_rcc_ex.o
 .debug_abbrev  0x00002cb8      0x1c4 ./Drivers/STM32F4xx_HAL_Driver/Src/stm32f4xx_hal_rng.o
 .debug_abbrev  0x00002e7c      0x27a ./Drivers/STM32F4xx_HAL_Driver/Src/stm32f4xx_hal_spi.o
 .debug_abbrev  0x000030f6      0x278 ./Drivers/STM32F4xx_HAL_Driver/Src/stm32f4xx_hal_tim.o
 .debug_abbrev  0x0000336e      0x283 ./Drivers/STM32F4xx_HAL_Driver/Src/stm32f4xx_hal_tim_ex.o

.debug_aranges  0x00000000     0x1490
 .debug_aranges
                0x00000000       0x20 ./Core/Src/ApplicationCode.o
 .debug_aranges
                0x00000020       0x30 ./Core/Src/Button_Driver.o
 .debug_aranges
                0x00000050       0xc0 ./Core/Src/LCD_Driver.o
 .debug_aranges
                0x00000110       0x18 ./Core/Src/fonts.o
 .debug_aranges
                0x00000128       0x70 ./Core/Src/game.o
 .debug_aranges
                0x00000198       0x98 ./Core/Src/ili9341.o
 .debug_aranges
                0x00000230       0x60 ./Core/Src/main.o
 .debug_aranges
                0x00000290       0x68 ./Core/Src/screens.o
 .debug_aranges
                0x000002f8       0x70 ./Core/Src/stm32f4xx_hal_msp.o
 .debug_aranges
                0x00000368       0x68 ./Core/Src/stm32f4xx_it.o
 .debug_aranges
                0x000003d0       0x88 ./Core/Src/stmpe811.o
 .debug_aranges
                0x00000458       0xa8 ./Core/Src/syscalls.o
 .debug_aranges
                0x00000500       0x20 ./Core/Src/sysmem.o
 .debug_aranges
                0x00000520       0x28 ./Core/Src/system_stm32f4xx.o
 .debug_aranges
                0x00000548       0x28 ./Core/Startup/startup_stm32f429zitx.o
 .debug_aranges
                0x00000570      0x100 ./Drivers/STM32F4xx_HAL_Driver/Src/stm32f4xx_hal.o
 .debug_aranges
                0x00000670      0x130 ./Drivers/STM32F4xx_HAL_Driver/Src/stm32f4xx_hal_cortex.o
 .debug_aranges
                0x000007a0       0x58 ./Drivers/STM32F4xx_HAL_Driver/Src/stm32f4xx_hal_gpio.o
 .debug_aranges
                0x000007f8      0x2a8 ./Drivers/STM32F4xx_HAL_Driver/Src/stm32f4xx_hal_i2c.o
 .debug_aranges
                0x00000aa0       0x28 ./Drivers/STM32F4xx_HAL_Driver/Src/stm32f4xx_hal_i2c_ex.o
 .debug_aranges
                0x00000ac8      0x158 ./Drivers/STM32F4xx_HAL_Driver/Src/stm32f4xx_hal_ltdc.o
 .debug_aranges
                0x00000c20       0x88 ./Drivers/STM32F4xx_HAL_Driver/Src/stm32f4xx_hal_rcc.o
 .debug_aranges
                0x00000ca8       0x58 ./Drivers/STM32F4xx_HAL_Driver/Src/stm32f4xx_hal_rcc_ex.o
 .debug_aranges
                0x00000d00       0x88 ./Drivers/STM32F4xx_HAL_Driver/Src/stm32f4xx_hal_rng.o
 .debug_aranges
                0x00000d88      0x1d0 ./Drivers/STM32F4xx_HAL_Driver/Src/stm32f4xx_hal_spi.o
 .debug_aranges
                0x00000f58      0x3d0 ./Drivers/STM32F4xx_HAL_Driver/Src/stm32f4xx_hal_tim.o
 .debug_aranges
                0x00001328      0x168 ./Drivers/STM32F4xx_HAL_Driver/Src/stm32f4xx_hal_tim_ex.o

.debug_rnglists
                0x00000000      0xfd1
 .debug_rnglists
                0x00000000       0x13 ./Core/Src/ApplicationCode.o
 .debug_rnglists
                0x00000013       0x1f ./Core/Src/Button_Driver.o
 .debug_rnglists
                0x00000032       0x91 ./Core/Src/LCD_Driver.o
 .debug_rnglists
                0x000000c3       0x53 ./Core/Src/game.o
 .debug_rnglists
                0x00000116       0x6f ./Core/Src/ili9341.o
 .debug_rnglists
                0x00000185       0x48 ./Core/Src/main.o
 .debug_rnglists
                0x000001cd       0x4f ./Core/Src/screens.o
 .debug_rnglists
                0x0000021c       0x53 ./Core/Src/stm32f4xx_hal_msp.o
 .debug_rnglists
                0x0000026f       0x49 ./Core/Src/stm32f4xx_it.o
 .debug_rnglists
                0x000002b8       0x67 ./Core/Src/stmpe811.o
 .debug_rnglists
                0x0000031f       0x79 ./Core/Src/syscalls.o
 .debug_rnglists
                0x00000398       0x13 ./Core/Src/sysmem.o
 .debug_rnglists
                0x000003ab       0x1a ./Core/Src/system_stm32f4xx.o
 .debug_rnglists
                0x000003c5       0x19 ./Core/Startup/startup_stm32f429zitx.o
 .debug_rnglists
                0x000003de       0xbb ./Drivers/STM32F4xx_HAL_Driver/Src/stm32f4xx_hal.o
 .debug_rnglists
                0x00000499       0xe0 ./Drivers/STM32F4xx_HAL_Driver/Src/stm32f4xx_hal_cortex.o
 .debug_rnglists
                0x00000579       0x3f ./Drivers/STM32F4xx_HAL_Driver/Src/stm32f4xx_hal_gpio.o
 .debug_rnglists
                0x000005b8      0x23c ./Drivers/STM32F4xx_HAL_Driver/Src/stm32f4xx_hal_i2c.o
 .debug_rnglists
                0x000007f4       0x19 ./Drivers/STM32F4xx_HAL_Driver/Src/stm32f4xx_hal_i2c_ex.o
 .debug_rnglists
                0x0000080d      0x10a ./Drivers/STM32F4xx_HAL_Driver/Src/stm32f4xx_hal_ltdc.o
 .debug_rnglists
                0x00000917       0x66 ./Drivers/STM32F4xx_HAL_Driver/Src/stm32f4xx_hal_rcc.o
 .debug_rnglists
                0x0000097d       0x43 ./Drivers/STM32F4xx_HAL_Driver/Src/stm32f4xx_hal_rcc_ex.o
 .debug_rnglists
                0x000009c0       0x63 ./Drivers/STM32F4xx_HAL_Driver/Src/stm32f4xx_hal_rng.o
 .debug_rnglists
                0x00000a23      0x16f ./Drivers/STM32F4xx_HAL_Driver/Src/stm32f4xx_hal_spi.o
 .debug_rnglists
                0x00000b92      0x31a ./Drivers/STM32F4xx_HAL_Driver/Src/stm32f4xx_hal_tim.o
 .debug_rnglists
                0x00000eac      0x125 ./Drivers/STM32F4xx_HAL_Driver/Src/stm32f4xx_hal_tim_ex.o

.debug_macro    0x00000000    0x27765
 .debug_macro   0x00000000      0x258 ./Core/Src/ApplicationCode.o
 .debug_macro   0x00000258      0xad8 ./Core/Src/ApplicationCode.o
 .debug_macro   0x00000d30      0x2ad ./Core/Src/ApplicationCode.o
 .debug_macro   0x00000fdd       0x2e ./Core/Src/ApplicationCode.o
 .debug_macro   0x0000100b       0x28 ./Core/Src/ApplicationCode.o
 .debug_macro   0x00001033       0x22 ./Core/Src/ApplicationCode.o
 .debug_macro   0x00001055       0x8e ./Core/Src/ApplicationCode.o
 .debug_macro   0x000010e3       0x51 ./Core/Src/ApplicationCode.o
 .debug_macro   0x00001134      0x103 ./Core/Src/ApplicationCode.o
 .debug_macro   0x00001237       0x6a ./Core/Src/ApplicationCode.o
 .debug_macro   0x000012a1      0x1df ./Core/Src/ApplicationCode.o
 .debug_macro   0x00001480       0x1c ./Core/Src/ApplicationCode.o
 .debug_macro   0x0000149c       0x22 ./Core/Src/ApplicationCode.o
 .debug_macro   0x000014be       0xfb ./Core/Src/ApplicationCode.o
 .debug_macro   0x000015b9     0x1011 ./Core/Src/ApplicationCode.o
 .debug_macro   0x000025ca      0x11f ./Core/Src/ApplicationCode.o
 .debug_macro   0x000026e9    0x17fd8 ./Core/Src/ApplicationCode.o
 .debug_macro   0x0001a6c1       0x6d ./Core/Src/ApplicationCode.o
 .debug_macro   0x0001a72e     0x3711 ./Core/Src/ApplicationCode.o
 .debug_macro   0x0001de3f      0x190 ./Core/Src/ApplicationCode.o
 .debug_macro   0x0001dfcf       0x5c ./Core/Src/ApplicationCode.o
 .debug_macro   0x0001e02b      0xcba ./Core/Src/ApplicationCode.o
 .debug_macro   0x0001ece5      0x9e9 ./Core/Src/ApplicationCode.o
 .debug_macro   0x0001f6ce      0x115 ./Core/Src/ApplicationCode.o
 .debug_macro   0x0001f7e3      0x156 ./Core/Src/ApplicationCode.o
 .debug_macro   0x0001f939       0xa5 ./Core/Src/ApplicationCode.o
 .debug_macro   0x0001f9de      0x182 ./Core/Src/ApplicationCode.o
 .debug_macro   0x0001fb60      0x287 ./Core/Src/ApplicationCode.o
 .debug_macro   0x0001fde7       0x5f ./Core/Src/ApplicationCode.o
 .debug_macro   0x0001fe46      0x236 ./Core/Src/ApplicationCode.o
 .debug_macro   0x0002007c      0x132 ./Core/Src/ApplicationCode.o
 .debug_macro   0x000201ae      0x41d ./Core/Src/ApplicationCode.o
 .debug_macro   0x000205cb       0x2e ./Core/Src/ApplicationCode.o
 .debug_macro   0x000205f9      0x1b5 ./Core/Src/ApplicationCode.o
 .debug_macro   0x000207ae       0x22 ./Core/Src/ApplicationCode.o
 .debug_macro   0x000207d0       0xd6 ./Core/Src/ApplicationCode.o
 .debug_macro   0x000208a6      0x198 ./Core/Src/ApplicationCode.o
 .debug_macro   0x00020a3e       0xd6 ./Core/Src/ApplicationCode.o
 .debug_macro   0x00020b14      0x127 ./Core/Src/ApplicationCode.o
 .debug_macro   0x00020c3b       0xe2 ./Core/Src/ApplicationCode.o
 .debug_macro   0x00020d1d       0x89 ./Core/Src/ApplicationCode.o
 .debug_macro   0x00020da6       0xa4 ./Core/Src/ApplicationCode.o
 .debug_macro   0x00020e4a      0x225 ./Core/Src/ApplicationCode.o
 .debug_macro   0x0002106f      0x8ed ./Core/Src/ApplicationCode.o
 .debug_macro   0x0002195c       0x4d ./Core/Src/ApplicationCode.o
 .debug_macro   0x000219a9      0x134 ./Core/Src/ApplicationCode.o
 .debug_macro   0x00021add      0x332 ./Core/Src/ApplicationCode.o
 .debug_macro   0x00021e0f       0x22 ./Core/Src/ApplicationCode.o
 .debug_macro   0x00021e31      0x173 ./Core/Src/ApplicationCode.o
 .debug_macro   0x00021fa4       0x94 ./Core/Src/ApplicationCode.o
 .debug_macro   0x00022038       0x22 ./Core/Src/ApplicationCode.o
 .debug_macro   0x0002205a      0x21a ./Core/Src/Button_Driver.o
 .debug_macro   0x00022274       0x1c ./Core/Src/Button_Driver.o
 .debug_macro   0x00022290      0x245 ./Core/Src/LCD_Driver.o
 .debug_macro   0x000224d5       0x6d ./Core/Src/fonts.o
 .debug_macro   0x00022542      0x33a ./Core/Src/game.o
 .debug_macro   0x0002287c       0x61 ./Core/Src/game.o
 .debug_macro   0x000228dd       0x2a ./Core/Src/game.o
 .debug_macro   0x00022907       0x43 ./Core/Src/game.o
 .debug_macro   0x0002294a       0x34 ./Core/Src/game.o
 .debug_macro   0x0002297e       0x16 ./Core/Src/game.o
 .debug_macro   0x00022994       0x3c ./Core/Src/game.o
 .debug_macro   0x000229d0      0x370 ./Core/Src/game.o
 .debug_macro   0x00022d40       0x10 ./Core/Src/game.o
 .debug_macro   0x00022d50       0x16 ./Core/Src/game.o
 .debug_macro   0x00022d66       0x4a ./Core/Src/game.o
 .debug_macro   0x00022db0       0x34 ./Core/Src/game.o
 .debug_macro   0x00022de4       0x10 ./Core/Src/game.o
 .debug_macro   0x00022df4       0x58 ./Core/Src/game.o
 .debug_macro   0x00022e4c       0x8e ./Core/Src/game.o
 .debug_macro   0x00022eda       0x1c ./Core/Src/game.o
 .debug_macro   0x00022ef6      0x185 ./Core/Src/game.o
 .debug_macro   0x0002307b       0x16 ./Core/Src/game.o
 .debug_macro   0x00023091       0x16 ./Core/Src/game.o
 .debug_macro   0x000230a7      0x146 ./Core/Src/game.o
 .debug_macro   0x000231ed       0x22 ./Core/Src/game.o
 .debug_macro   0x0002320f      0x21a ./Core/Src/ili9341.o
 .debug_macro   0x00023429      0x32c ./Core/Src/ili9341.o
 .debug_macro   0x00023755      0x35c ./Core/Src/main.o
 .debug_macro   0x00023ab1      0x4ca ./Core/Src/main.o
 .debug_macro   0x00023f7b      0x36a ./Core/Src/screens.o
 .debug_macro   0x000242e5      0x35c ./Core/Src/stm32f4xx_hal_msp.o
 .debug_macro   0x00024641      0x366 ./Core/Src/stm32f4xx_it.o
 .debug_macro   0x000249a7      0x235 ./Core/Src/stmpe811.o
 .debug_macro   0x00024bdc      0x274 ./Core/Src/syscalls.o
 .debug_macro   0x00024e50       0x5b ./Core/Src/syscalls.o
 .debug_macro   0x00024eab       0x94 ./Core/Src/syscalls.o
 .debug_macro   0x00024f3f       0x57 ./Core/Src/syscalls.o
 .debug_macro   0x00024f96       0x10 ./Core/Src/syscalls.o
 .debug_macro   0x00024fa6       0x10 ./Core/Src/syscalls.o
 .debug_macro   0x00024fb6       0x10 ./Core/Src/syscalls.o
 .debug_macro   0x00024fc6       0x10 ./Core/Src/syscalls.o
 .debug_macro   0x00024fd6       0x1c ./Core/Src/syscalls.o
 .debug_macro   0x00024ff2       0x52 ./Core/Src/syscalls.o
 .debug_macro   0x00025044       0x22 ./Core/Src/syscalls.o
 .debug_macro   0x00025066       0x10 ./Core/Src/syscalls.o
 .debug_macro   0x00025076       0x52 ./Core/Src/syscalls.o
 .debug_macro   0x000250c8       0xcf ./Core/Src/syscalls.o
 .debug_macro   0x00025197       0x1c ./Core/Src/syscalls.o
 .debug_macro   0x000251b3       0x3d ./Core/Src/syscalls.o
 .debug_macro   0x000251f0       0x35 ./Core/Src/syscalls.o
 .debug_macro   0x00025225      0x12c ./Core/Src/syscalls.o
 .debug_macro   0x00025351       0x16 ./Core/Src/syscalls.o
 .debug_macro   0x00025367       0x16 ./Core/Src/syscalls.o
 .debug_macro   0x0002537d       0x29 ./Core/Src/syscalls.o
 .debug_macro   0x000253a6       0x10 ./Core/Src/syscalls.o
 .debug_macro   0x000253b6      0x242 ./Core/Src/syscalls.o
 .debug_macro   0x000255f8       0x1c ./Core/Src/syscalls.o
 .debug_macro   0x00025614       0x10 ./Core/Src/syscalls.o
 .debug_macro   0x00025624      0x18a ./Core/Src/syscalls.o
 .debug_macro   0x000257ae       0x16 ./Core/Src/syscalls.o
 .debug_macro   0x000257c4       0xce ./Core/Src/syscalls.o
 .debug_macro   0x00025892      0x112 ./Core/Src/sysmem.o
 .debug_macro   0x000259a4      0x23c ./Core/Src/sysmem.o
 .debug_macro   0x00025be0      0x20b ./Core/Src/system_stm32f4xx.o
 .debug_macro   0x00025deb      0x26b ./Drivers/STM32F4xx_HAL_Driver/Src/stm32f4xx_hal.o
 .debug_macro   0x00026056      0x20b ./Drivers/STM32F4xx_HAL_Driver/Src/stm32f4xx_hal_cortex.o
 .debug_macro   0x00026261      0x211 ./Drivers/STM32F4xx_HAL_Driver/Src/stm32f4xx_hal_gpio.o
 .debug_macro   0x00026472      0x259 ./Drivers/STM32F4xx_HAL_Driver/Src/stm32f4xx_hal_i2c.o
 .debug_macro   0x000266cb      0x20b ./Drivers/STM32F4xx_HAL_Driver/Src/stm32f4xx_hal_i2c_ex.o
 .debug_macro   0x000268d6      0x213 ./Drivers/STM32F4xx_HAL_Driver/Src/stm32f4xx_hal_ltdc.o
 .debug_macro   0x00026ae9      0x22f ./Drivers/STM32F4xx_HAL_Driver/Src/stm32f4xx_hal_rcc.o
 .debug_macro   0x00026d18      0x20b ./Drivers/STM32F4xx_HAL_Driver/Src/stm32f4xx_hal_rcc_ex.o
 .debug_macro   0x00026f23      0x211 ./Drivers/STM32F4xx_HAL_Driver/Src/stm32f4xx_hal_rng.o
 .debug_macro   0x00027134      0x21a ./Drivers/STM32F4xx_HAL_Driver/Src/stm32f4xx_hal_spi.o
 .debug_macro   0x0002734e      0x20c ./Drivers/STM32F4xx_HAL_Driver/Src/stm32f4xx_hal_tim.o
 .debug_macro   0x0002755a      0x20b ./Drivers/STM32F4xx_HAL_Driver/Src/stm32f4xx_hal_tim_ex.o

.debug_line     0x00000000    0x19f91
 .debug_line    0x00000000      0x82b ./Core/Src/ApplicationCode.o
 .debug_line    0x0000082b      0x814 ./Core/Src/Button_Driver.o
 .debug_line    0x0000103f      0xc35 ./Core/Src/LCD_Driver.o
 .debug_line    0x00001c74      0x40a ./Core/Src/fonts.o
 .debug_line    0x0000207e      0xe01 ./Core/Src/game.o
 .debug_line    0x00002e7f      0xa06 ./Core/Src/ili9341.o
 .debug_line    0x00003885      0xcf0 ./Core/Src/main.o
 .debug_line    0x00004575      0xef6 ./Core/Src/screens.o
 .debug_line    0x0000546b      0xb97 ./Core/Src/stm32f4xx_hal_msp.o
 .debug_line    0x00006002      0xa59 ./Core/Src/stm32f4xx_it.o
 .debug_line    0x00006a5b      0xc2b ./Core/Src/stmpe811.o
 .debug_line    0x00007686      0x8ac ./Core/Src/syscalls.o
 .debug_line    0x00007f32      0x588 ./Core/Src/sysmem.o
 .debug_line    0x000084ba      0x845 ./Core/Src/system_stm32f4xx.o
 .debug_line    0x00008cff       0x7a ./Core/Startup/startup_stm32f429zitx.o
 .debug_line    0x00008d79      0xae8 ./Drivers/STM32F4xx_HAL_Driver/Src/stm32f4xx_hal.o
 .debug_line    0x00009861      0xd82 ./Drivers/STM32F4xx_HAL_Driver/Src/stm32f4xx_hal_cortex.o
 .debug_line    0x0000a5e3      0xc32 ./Drivers/STM32F4xx_HAL_Driver/Src/stm32f4xx_hal_gpio.o
 .debug_line    0x0000b215     0x3b64 ./Drivers/STM32F4xx_HAL_Driver/Src/stm32f4xx_hal_i2c.o
 .debug_line    0x0000ed79      0x83b ./Drivers/STM32F4xx_HAL_Driver/Src/stm32f4xx_hal_i2c_ex.o
 .debug_line    0x0000f5b4     0x1462 ./Drivers/STM32F4xx_HAL_Driver/Src/stm32f4xx_hal_ltdc.o
 .debug_line    0x00010a16      0xec1 ./Drivers/STM32F4xx_HAL_Driver/Src/stm32f4xx_hal_rcc.o
 .debug_line    0x000118d7      0xd0a ./Drivers/STM32F4xx_HAL_Driver/Src/stm32f4xx_hal_rcc_ex.o
 .debug_line    0x000125e1      0xa28 ./Drivers/STM32F4xx_HAL_Driver/Src/stm32f4xx_hal_rng.o
 .debug_line    0x00013009     0x1d47 ./Drivers/STM32F4xx_HAL_Driver/Src/stm32f4xx_hal_spi.o
 .debug_line    0x00014d50     0x382f ./Drivers/STM32F4xx_HAL_Driver/Src/stm32f4xx_hal_tim.o
 .debug_line    0x0001857f     0x1a12 ./Drivers/STM32F4xx_HAL_Driver/Src/stm32f4xx_hal_tim_ex.o

.debug_str      0x00000000    0xe2e40
 .debug_str     0x00000000    0xe2e40 ./Core/Src/ApplicationCode.o
                              0xd70dc (size before relaxing)
 .debug_str     0x000e2e40    0xd607a ./Core/Src/Button_Driver.o
 .debug_str     0x000e2e40    0xd7722 ./Core/Src/LCD_Driver.o
 .debug_str     0x000e2e40     0x3dfa ./Core/Src/fonts.o
 .debug_str     0x000e2e40    0xda9f2 ./Core/Src/game.o
 .debug_str     0x000e2e40    0xd6c4e ./Core/Src/ili9341.o
 .debug_str     0x000e2e40    0xdc691 ./Core/Src/main.o
 .debug_str     0x000e2e40    0xda916 ./Core/Src/screens.o
 .debug_str     0x000e2e40    0xdc4e8 ./Core/Src/stm32f4xx_hal_msp.o
 .debug_str     0x000e2e40    0xdb542 ./Core/Src/stm32f4xx_it.o
 .debug_str     0x000e2e40    0xd68e8 ./Core/Src/stmpe811.o
 .debug_str     0x000e2e40     0x99dd ./Core/Src/syscalls.o
 .debug_str     0x000e2e40     0x777b ./Core/Src/sysmem.o
 .debug_str     0x000e2e40    0xd5a40 ./Core/Src/system_stm32f4xx.o
 .debug_str     0x000e2e40       0x7d ./Core/Startup/startup_stm32f429zitx.o
 .debug_str     0x000e2e40    0xd6663 ./Drivers/STM32F4xx_HAL_Driver/Src/stm32f4xx_hal.o
 .debug_str     0x000e2e40    0xd6391 ./Drivers/STM32F4xx_HAL_Driver/Src/stm32f4xx_hal_cortex.o
 .debug_str     0x000e2e40    0xd5bbb ./Drivers/STM32F4xx_HAL_Driver/Src/stm32f4xx_hal_gpio.o
 .debug_str     0x000e2e40    0xd6a50 ./Drivers/STM32F4xx_HAL_Driver/Src/stm32f4xx_hal_i2c.o
 .debug_str     0x000e2e40    0xd5e0f ./Drivers/STM32F4xx_HAL_Driver/Src/stm32f4xx_hal_i2c_ex.o
 .debug_str     0x000e2e40    0xd60a4 ./Drivers/STM32F4xx_HAL_Driver/Src/stm32f4xx_hal_ltdc.o
 .debug_str     0x000e2e40    0xd5e74 ./Drivers/STM32F4xx_HAL_Driver/Src/stm32f4xx_hal_rcc.o
 .debug_str     0x000e2e40    0xd5c3b ./Drivers/STM32F4xx_HAL_Driver/Src/stm32f4xx_hal_rcc_ex.o
 .debug_str     0x000e2e40    0xd5b2d ./Drivers/STM32F4xx_HAL_Driver/Src/stm32f4xx_hal_rng.o
 .debug_str     0x000e2e40    0xd62eb ./Drivers/STM32F4xx_HAL_Driver/Src/stm32f4xx_hal_spi.o
 .debug_str     0x000e2e40    0xd6db7 ./Drivers/STM32F4xx_HAL_Driver/Src/stm32f4xx_hal_tim.o
 .debug_str     0x000e2e40    0xd65c3 ./Drivers/STM32F4xx_HAL_Driver/Src/stm32f4xx_hal_tim_ex.o

.comment        0x00000000       0x43
 .comment       0x00000000       0x43 ./Core/Src/ApplicationCode.o
                                 0x44 (size before relaxing)
 .comment       0x00000043       0x44 ./Core/Src/Button_Driver.o
 .comment       0x00000043       0x44 ./Core/Src/LCD_Driver.o
 .comment       0x00000043       0x44 ./Core/Src/fonts.o
 .comment       0x00000043       0x44 ./Core/Src/game.o
 .comment       0x00000043       0x44 ./Core/Src/ili9341.o
 .comment       0x00000043       0x44 ./Core/Src/main.o
 .comment       0x00000043       0x44 ./Core/Src/screens.o
 .comment       0x00000043       0x44 ./Core/Src/stm32f4xx_hal_msp.o
 .comment       0x00000043       0x44 ./Core/Src/stm32f4xx_it.o
 .comment       0x00000043       0x44 ./Core/Src/stmpe811.o
 .comment       0x00000043       0x44 ./Core/Src/syscalls.o
 .comment       0x00000043       0x44 ./Core/Src/sysmem.o
 .comment       0x00000043       0x44 ./Core/Src/system_stm32f4xx.o
 .comment       0x00000043       0x44 ./Drivers/STM32F4xx_HAL_Driver/Src/stm32f4xx_hal.o
 .comment       0x00000043       0x44 ./Drivers/STM32F4xx_HAL_Driver/Src/stm32f4xx_hal_cortex.o
 .comment       0x00000043       0x44 ./Drivers/STM32F4xx_HAL_Driver/Src/stm32f4xx_hal_gpio.o
 .comment       0x00000043       0x44 ./Drivers/STM32F4xx_HAL_Driver/Src/stm32f4xx_hal_i2c.o
 .comment       0x00000043       0x44 ./Drivers/STM32F4xx_HAL_Driver/Src/stm32f4xx_hal_i2c_ex.o
 .comment       0x00000043       0x44 ./Drivers/STM32F4xx_HAL_Driver/Src/stm32f4xx_hal_ltdc.o
 .comment       0x00000043       0x44 ./Drivers/STM32F4xx_HAL_Driver/Src/stm32f4xx_hal_rcc.o
 .comment       0x00000043       0x44 ./Drivers/STM32F4xx_HAL_Driver/Src/stm32f4xx_hal_rcc_ex.o
 .comment       0x00000043       0x44 ./Drivers/STM32F4xx_HAL_Driver/Src/stm32f4xx_hal_rng.o
 .comment       0x00000043       0x44 ./Drivers/STM32F4xx_HAL_Driver/Src/stm32f4xx_hal_spi.o
 .comment       0x00000043       0x44 ./Drivers/STM32F4xx_HAL_Driver/Src/stm32f4xx_hal_tim.o
 .comment       0x00000043       0x44 ./Drivers/STM32F4xx_HAL_Driver/Src/stm32f4xx_hal_tim_ex.o

.debug_frame    0x00000000     0x5a88
 .debug_frame   0x00000000       0x34 ./Core/Src/ApplicationCode.o
 .debug_frame   0x00000034       0x74 ./Core/Src/Button_Driver.o
 .debug_frame   0x000000a8      0x2f8 ./Core/Src/LCD_Driver.o
 .debug_frame   0x000003a0      0x1a4 ./Core/Src/game.o
 .debug_frame   0x00000544      0x228 ./Core/Src/ili9341.o
 .debug_frame   0x0000076c      0x12c ./Core/Src/main.o
 .debug_frame   0x00000898      0x174 ./Core/Src/screens.o
 .debug_frame   0x00000a0c      0x1b0 ./Core/Src/stm32f4xx_hal_msp.o
 .debug_frame   0x00000bbc      0x120 ./Core/Src/stm32f4xx_it.o
 .debug_frame   0x00000cdc      0x204 ./Core/Src/stmpe811.o
 .debug_frame   0x00000ee0      0x2ac ./Core/Src/syscalls.o
 .debug_frame   0x0000118c       0x34 ./Core/Src/sysmem.o
 .debug_frame   0x000011c0       0x58 ./Core/Src/system_stm32f4xx.o
 .debug_frame   0x00001218      0x3b4 ./Drivers/STM32F4xx_HAL_Driver/Src/stm32f4xx_hal.o
 .debug_frame   0x000015cc      0x508 ./Drivers/STM32F4xx_HAL_Driver/Src/stm32f4xx_hal_cortex.o
 .debug_frame   0x00001ad4      0x14c ./Drivers/STM32F4xx_HAL_Driver/Src/stm32f4xx_hal_gpio.o
 .debug_frame   0x00001c20      0xc84 ./Drivers/STM32F4xx_HAL_Driver/Src/stm32f4xx_hal_i2c.o
 .debug_frame   0x000028a4       0x60 ./Drivers/STM32F4xx_HAL_Driver/Src/stm32f4xx_hal_i2c_ex.o
 .debug_frame   0x00002904      0x61c ./Drivers/STM32F4xx_HAL_Driver/Src/stm32f4xx_hal_ltdc.o
 .debug_frame   0x00002f20      0x1f4 ./Drivers/STM32F4xx_HAL_Driver/Src/stm32f4xx_hal_rcc.o
 .debug_frame   0x00003114      0x13c ./Drivers/STM32F4xx_HAL_Driver/Src/stm32f4xx_hal_rcc_ex.o
 .debug_frame   0x00003250      0x22c ./Drivers/STM32F4xx_HAL_Driver/Src/stm32f4xx_hal_rng.o
 .debug_frame   0x0000347c      0x828 ./Drivers/STM32F4xx_HAL_Driver/Src/stm32f4xx_hal_spi.o
 .debug_frame   0x00003ca4     0x11c0 ./Drivers/STM32F4xx_HAL_Driver/Src/stm32f4xx_hal_tim.o
 .debug_frame   0x00004e64      0x638 ./Drivers/STM32F4xx_HAL_Driver/Src/stm32f4xx_hal_tim_ex.o
 .debug_frame   0x0000549c      0x144 C:/ST/STM32CubeIDE_1.17.0/STM32CubeIDE/plugins/com.st.stm32cube.ide.mcu.externaltools.gnu-tools-for-stm32.13.3.rel1.win32_1.0.0.202411081344/tools/bin/../lib/gcc/arm-none-eabi/13.3.1/../../../../arm-none-eabi/lib/thumb/v7e-m+fp/hard\libc_nano.a(libc_a-findfp.o)